Archive member included to satisfy reference by file (symbol)

C:/ST/STM32CubeIDE_1.17.0/STM32CubeIDE/plugins/com.st.stm32cube.ide.mcu.externaltools.gnu-tools-for-stm32.12.3.rel1.win32_1.1.0.202410251130/tools/bin/../lib/gcc/arm-none-eabi/12.3.1/../../../../arm-none-eabi/lib/thumb/v7e-m+fp/hard\libc_nano.a(libc_a-exit.o)
                              C:/ST/STM32CubeIDE_1.17.0/STM32CubeIDE/plugins/com.st.stm32cube.ide.mcu.externaltools.gnu-tools-for-stm32.12.3.rel1.win32_1.1.0.202410251130/tools/bin/../lib/gcc/arm-none-eabi/12.3.1/../../../../arm-none-eabi/lib/thumb/v7e-m+fp/hard/crt0.o (exit)
C:/ST/STM32CubeIDE_1.17.0/STM32CubeIDE/plugins/com.st.stm32cube.ide.mcu.externaltools.gnu-tools-for-stm32.12.3.rel1.win32_1.1.0.202410251130/tools/bin/../lib/gcc/arm-none-eabi/12.3.1/../../../../arm-none-eabi/lib/thumb/v7e-m+fp/hard\libc_nano.a(libc_a-findfp.o)
                              ./Middlewares/FreeRTOS/tasks.o (__sf)
C:/ST/STM32CubeIDE_1.17.0/STM32CubeIDE/plugins/com.st.stm32cube.ide.mcu.externaltools.gnu-tools-for-stm32.12.3.rel1.win32_1.1.0.202410251130/tools/bin/../lib/gcc/arm-none-eabi/12.3.1/../../../../arm-none-eabi/lib/thumb/v7e-m+fp/hard\libc_nano.a(libc_a-fwalk.o)
                              C:/ST/STM32CubeIDE_1.17.0/STM32CubeIDE/plugins/com.st.stm32cube.ide.mcu.externaltools.gnu-tools-for-stm32.12.3.rel1.win32_1.1.0.202410251130/tools/bin/../lib/gcc/arm-none-eabi/12.3.1/../../../../arm-none-eabi/lib/thumb/v7e-m+fp/hard\libc_nano.a(libc_a-findfp.o) (_fwalk_sglue)
C:/ST/STM32CubeIDE_1.17.0/STM32CubeIDE/plugins/com.st.stm32cube.ide.mcu.externaltools.gnu-tools-for-stm32.12.3.rel1.win32_1.1.0.202410251130/tools/bin/../lib/gcc/arm-none-eabi/12.3.1/../../../../arm-none-eabi/lib/thumb/v7e-m+fp/hard\libc_nano.a(libc_a-stdio.o)
                              C:/ST/STM32CubeIDE_1.17.0/STM32CubeIDE/plugins/com.st.stm32cube.ide.mcu.externaltools.gnu-tools-for-stm32.12.3.rel1.win32_1.1.0.202410251130/tools/bin/../lib/gcc/arm-none-eabi/12.3.1/../../../../arm-none-eabi/lib/thumb/v7e-m+fp/hard\libc_nano.a(libc_a-findfp.o) (__sread)
C:/ST/STM32CubeIDE_1.17.0/STM32CubeIDE/plugins/com.st.stm32cube.ide.mcu.externaltools.gnu-tools-for-stm32.12.3.rel1.win32_1.1.0.202410251130/tools/bin/../lib/gcc/arm-none-eabi/12.3.1/../../../../arm-none-eabi/lib/thumb/v7e-m+fp/hard\libc_nano.a(libc_a-memset.o)
                              C:/ST/STM32CubeIDE_1.17.0/STM32CubeIDE/plugins/com.st.stm32cube.ide.mcu.externaltools.gnu-tools-for-stm32.12.3.rel1.win32_1.1.0.202410251130/tools/bin/../lib/gcc/arm-none-eabi/12.3.1/../../../../arm-none-eabi/lib/thumb/v7e-m+fp/hard/crt0.o (memset)
C:/ST/STM32CubeIDE_1.17.0/STM32CubeIDE/plugins/com.st.stm32cube.ide.mcu.externaltools.gnu-tools-for-stm32.12.3.rel1.win32_1.1.0.202410251130/tools/bin/../lib/gcc/arm-none-eabi/12.3.1/../../../../arm-none-eabi/lib/thumb/v7e-m+fp/hard\libc_nano.a(libc_a-closer.o)
                              C:/ST/STM32CubeIDE_1.17.0/STM32CubeIDE/plugins/com.st.stm32cube.ide.mcu.externaltools.gnu-tools-for-stm32.12.3.rel1.win32_1.1.0.202410251130/tools/bin/../lib/gcc/arm-none-eabi/12.3.1/../../../../arm-none-eabi/lib/thumb/v7e-m+fp/hard\libc_nano.a(libc_a-stdio.o) (_close_r)
C:/ST/STM32CubeIDE_1.17.0/STM32CubeIDE/plugins/com.st.stm32cube.ide.mcu.externaltools.gnu-tools-for-stm32.12.3.rel1.win32_1.1.0.202410251130/tools/bin/../lib/gcc/arm-none-eabi/12.3.1/../../../../arm-none-eabi/lib/thumb/v7e-m+fp/hard\libc_nano.a(libc_a-reent.o)
                              ./Middlewares/FreeRTOS/tasks.o (_reclaim_reent)
C:/ST/STM32CubeIDE_1.17.0/STM32CubeIDE/plugins/com.st.stm32cube.ide.mcu.externaltools.gnu-tools-for-stm32.12.3.rel1.win32_1.1.0.202410251130/tools/bin/../lib/gcc/arm-none-eabi/12.3.1/../../../../arm-none-eabi/lib/thumb/v7e-m+fp/hard\libc_nano.a(libc_a-impure.o)
                              ./Middlewares/FreeRTOS/tasks.o (_impure_ptr)
C:/ST/STM32CubeIDE_1.17.0/STM32CubeIDE/plugins/com.st.stm32cube.ide.mcu.externaltools.gnu-tools-for-stm32.12.3.rel1.win32_1.1.0.202410251130/tools/bin/../lib/gcc/arm-none-eabi/12.3.1/../../../../arm-none-eabi/lib/thumb/v7e-m+fp/hard\libc_nano.a(libc_a-lseekr.o)
                              C:/ST/STM32CubeIDE_1.17.0/STM32CubeIDE/plugins/com.st.stm32cube.ide.mcu.externaltools.gnu-tools-for-stm32.12.3.rel1.win32_1.1.0.202410251130/tools/bin/../lib/gcc/arm-none-eabi/12.3.1/../../../../arm-none-eabi/lib/thumb/v7e-m+fp/hard\libc_nano.a(libc_a-stdio.o) (_lseek_r)
C:/ST/STM32CubeIDE_1.17.0/STM32CubeIDE/plugins/com.st.stm32cube.ide.mcu.externaltools.gnu-tools-for-stm32.12.3.rel1.win32_1.1.0.202410251130/tools/bin/../lib/gcc/arm-none-eabi/12.3.1/../../../../arm-none-eabi/lib/thumb/v7e-m+fp/hard\libc_nano.a(libc_a-readr.o)
                              C:/ST/STM32CubeIDE_1.17.0/STM32CubeIDE/plugins/com.st.stm32cube.ide.mcu.externaltools.gnu-tools-for-stm32.12.3.rel1.win32_1.1.0.202410251130/tools/bin/../lib/gcc/arm-none-eabi/12.3.1/../../../../arm-none-eabi/lib/thumb/v7e-m+fp/hard\libc_nano.a(libc_a-stdio.o) (_read_r)
[...]
Memory Configuration

Name             Origin             Length             Attributes
RAM              0x20000000         0x00020000         xrw
RAM2             0x10000000         0x00008000         xrw
FLASH            0x08000000         0x00080000         xr
*default*        0x00000000         0xffffffff

Linker script and memory map

LOAD C:/ST/STM32CubeIDE_1.17.0/STM32CubeIDE/plugins/com.st.stm32cube.ide.mcu.externaltools.gnu-tools-for-stm32.12.3.rel1.win32_1.1.0.202410251130/tools/bin/../lib/gcc/arm-none-eabi/12.3.1/thumb/v7e-m+fp/hard/crti.o
LOAD C:/ST/STM32CubeIDE_1.17.0/STM32CubeIDE/plugins/com.st.stm32cube.ide.mcu.externaltools.gnu-tools-for-stm32.12.3.rel1.win32_1.1.0.202410251130/tools/bin/../lib/gcc/arm-none-eabi/12.3.1/thumb/v7e-m+fp/hard/crtbegin.o
LOAD C:/ST/STM32CubeIDE_1.17.0/STM32CubeIDE/plugins/com.st.stm32cube.ide.mcu.externaltools.gnu-tools-for-stm32.12.3.rel1.win32_1.1.0.202410251130/tools/bin/../lib/gcc/arm-none-eabi/12.3.1/../../../../arm-none-eabi/lib/thumb/v7e-m+fp/hard/crt0.o
LOAD ./Application/User/Core/adc.o
LOAD ./Application/User/Core/can.o
LOAD ./Application/User/Core/dma.o
LOAD ./Application/User/Core/freertos.o
LOAD ./Application/User/Core/gpio.o
LOAD ./Application/User/Core/i2c.o
LOAD ./Application/User/Core/main.o
LOAD ./Application/User/Core/spi.o
LOAD ./Application/User/Core/stm32l4xx_hal_msp.o
LOAD ./Application/User/Core/stm32l4xx_hal_timebase_tim.o
LOAD ./Application/User/Core/stm32l4xx_it.o
LOAD ./Application/User/Core/syscalls.o
LOAD ./Application/User/Core/sysmem.o
LOAD ./Application/User/Core/tim.o
LOAD ./Application/User/Core/usart.o
LOAD ./Application/User/Startup/startup_stm32l452retx.o
LOAD ./Drivers/CMSIS/system_stm32l4xx.o
LOAD ./Drivers/STM32L4xx_HAL_Driver/stm32l4xx_hal.o
LOAD ./Drivers/STM32L4xx_HAL_Driver/stm32l4xx_hal_adc.o
LOAD ./Drivers/STM32L4xx_HAL_Driver/stm32l4xx_hal_adc_ex.o
LOAD ./Drivers/STM32L4xx_HAL_Driver/stm32l4xx_hal_can.o
LOAD ./Drivers/STM32L4xx_HAL_Driver/stm32l4xx_hal_cortex.o
LOAD ./Drivers/STM32L4xx_HAL_Driver/stm32l4xx_hal_dma.o
LOAD ./Drivers/STM32L4xx_HAL_Driver/stm32l4xx_hal_dma_ex.o
LOAD ./Drivers/STM32L4xx_HAL_Driver/stm32l4xx_hal_exti.o
LOAD ./Drivers/STM32L4xx_HAL_Driver/stm32l4xx_hal_flash.o
LOAD ./Drivers/STM32L4xx_HAL_Driver/stm32l4xx_hal_flash_ex.o
LOAD ./Drivers/STM32L4xx_HAL_Driver/stm32l4xx_hal_flash_ramfunc.o
LOAD ./Drivers/STM32L4xx_HAL_Driver/stm32l4xx_hal_gpio.o
LOAD ./Drivers/STM32L4xx_HAL_Driver/stm32l4xx_hal_i2c.o
LOAD ./Drivers/STM32L4xx_HAL_Driver/stm32l4xx_hal_i2c_ex.o
LOAD ./Drivers/STM32L4xx_HAL_Driver/stm32l4xx_hal_pwr.o
LOAD ./Drivers/STM32L4xx_HAL_Driver/stm32l4xx_hal_pwr_ex.o
LOAD ./Drivers/STM32L4xx_HAL_Driver/stm32l4xx_hal_rcc.o
LOAD ./Drivers/STM32L4xx_HAL_Driver/stm32l4xx_hal_rcc_ex.o
LOAD ./Drivers/STM32L4xx_HAL_Driver/stm32l4xx_hal_spi.o
LOAD ./Drivers/STM32L4xx_HAL_Driver/stm32l4xx_hal_spi_ex.o
LOAD ./Drivers/STM32L4xx_HAL_Driver/stm32l4xx_hal_tim.o
LOAD ./Drivers/STM32L4xx_HAL_Driver/stm32l4xx_hal_tim_ex.o
LOAD ./Drivers/STM32L4xx_HAL_Driver/stm32l4xx_hal_uart.o
LOAD ./Drivers/STM32L4xx_HAL_Driver/stm32l4xx_hal_uart_ex.o
LOAD ./Middlewares/FreeRTOS/cmsis_os.o
LOAD ./Middlewares/FreeRTOS/croutine.o
LOAD ./Middlewares/FreeRTOS/event_groups.o
LOAD ./Middlewares/FreeRTOS/heap_4.o
LOAD ./Middlewares/FreeRTOS/list.o
LOAD ./Middlewares/FreeRTOS/port.o
LOAD ./Middlewares/FreeRTOS/queue.o
LOAD ./Middlewares/FreeRTOS/stream_buffer.o
LOAD ./Middlewares/FreeRTOS/tasks.o
LOAD ./Middlewares/FreeRTOS/timers.o
START GROUP
LOAD C:/ST/STM32CubeIDE_1.17.0/STM32CubeIDE/plugins/com.st.stm32cube.ide.mcu.externaltools.gnu-tools-for-stm32.12.3.rel1.win32_1.1.0.202410251130/tools/bin/../lib/gcc/arm-none-eabi/12.3.1/../../../../arm-none-eabi/lib/thumb/v7e-m+fp/hard\libc_nano.a
LOAD C:/ST/STM32CubeIDE_1.17.0/STM32CubeIDE/plugins/com.st.stm32cube.ide.mcu.externaltools.gnu-tools-for-stm32.12.3.rel1.win32_1.1.0.202410251130/tools/bin/../lib/gcc/arm-none-eabi/12.3.1/../../../../arm-none-eabi/lib/thumb/v7e-m+fp/hard\libm.a
END GROUP
START GROUP
LOAD C:/ST/STM32CubeIDE_1.17.0/STM32CubeIDE/plugins/com.st.stm32cube.ide.mcu.externaltools.gnu-tools-for-stm32.12.3.rel1.win32_1.1.0.202410251130/tools/bin/../lib/gcc/arm-none-eabi/12.3.1/thumb/v7e-m+fp/hard\libgcc.a
LOAD C:/ST/STM32CubeIDE_1.17.0/STM32CubeIDE/plugins/com.st.stm32cube.ide.mcu.externaltools.gnu-tools-for-stm32.12.3.rel1.win32_1.1.0.202410251130/tools/bin/../lib/gcc/arm-none-eabi/12.3.1/../../../../arm-none-eabi/lib/thumb/v7e-m+fp/hard\libc_nano.a
END GROUP
START GROUP
LOAD C:/ST/STM32CubeIDE_1.17.0/STM32CubeIDE/plugins/com.st.stm32cube.ide.mcu.externaltools.gnu-tools-for-stm32.12.3.rel1.win32_1.1.0.202410251130/tools/bin/../lib/gcc/arm-none-eabi/12.3.1/thumb/v7e-m+fp/hard\libgcc.a
LOAD C:/ST/STM32CubeIDE_1.17.0/STM32CubeIDE/plugins/com.st.stm32cube.ide.mcu.externaltools.gnu-tools-for-stm32.12.3.rel1.win32_1.1.0.202410251130/tools/bin/../lib/gcc/arm-none-eabi/12.3.1/../../../../arm-none-eabi/lib/thumb/v7e-m+fp/hard\libc_nano.a
LOAD C:/ST/STM32CubeIDE_1.17.0/STM32CubeIDE/plugins/com.st.stm32cube.ide.mcu.externaltools.gnu-tools-for-stm32.12.3.rel1.win32_1.1.0.202410251130/tools/bin/../lib/gcc/arm-none-eabi/12.3.1/../../../../arm-none-eabi/lib/thumb/v7e-m+fp/hard\libnosys.a
END GROUP
START GROUP
LOAD C:/ST/STM32CubeIDE_1.17.0/STM32CubeIDE/plugins/com.st.stm32cube.ide.mcu.externaltools.gnu-tools-for-stm32.12.3.rel1.win32_1.1.0.202410251130/tools/bin/../lib/gcc/arm-none-eabi/12.3.1/thumb/v7e-m+fp/hard\libgcc.a
LOAD C:/ST/STM32CubeIDE_1.17.0/STM32CubeIDE/plugins/com.st.stm32cube.ide.mcu.externaltools.gnu-tools-for-stm32.12.3.rel1.win32_1.1.0.202410251130/tools/bin/../lib/gcc/arm-none-eabi/12.3.1/../../../../arm-none-eabi/lib/thumb/v7e-m+fp/hard\libc_nano.a
LOAD C:/ST/STM32CubeIDE_1.17.0/STM32CubeIDE/plugins/com.st.stm32cube.ide.mcu.externaltools.gnu-tools-for-stm32.12.3.rel1.win32_1.1.0.202410251130/tools/bin/../lib/gcc/arm-none-eabi/12.3.1/../../../../arm-none-eabi/lib/thumb/v7e-m+fp/hard\libnosys.a
END GROUP
LOAD C:/ST/STM32CubeIDE_1.17.0/STM32CubeIDE/plugins/com.st.stm32cube.ide.mcu.externaltools.gnu-tools-for-stm32.12.3.rel1.win32_1.1.0.202410251130/tools/bin/../lib/gcc/arm-none-eabi/12.3.1/thumb/v7e-m+fp/hard/crtend.o
LOAD C:/ST/STM32CubeIDE_1.17.0/STM32CubeIDE/plugins/com.st.stm32cube.ide.mcu.externaltools.gnu-tools-for-stm32.12.3.rel1.win32_1.1.0.202410251130/tools/bin/../lib/gcc/arm-none-eabi/12.3.1/thumb/v7e-m+fp/hard/crtn.o
                0x20020000                        _estack = (ORIGIN (RAM) + LENGTH (RAM))
                0x00000200                        _Min_Heap_Size = 0x200
                0x00000400                        _Min_Stack_Size = 0x400

.isr_vector     0x08000000      0x194
                0x08000000                        . = ALIGN (0x4)
 *(.isr_vector)
 .isr_vector    0x08000000      0x194 ./Application/User/Startup/startup_stm32l452retx.o
                0x08000000                g_pfnVectors
                0x08000194                        . = ALIGN (0x4)

.text           0x080001a0     0x9404
                0x080001a0                        . = ALIGN (0x4)
 *(.text)
 .text          0x080001a0       0x40 C:/ST/STM32CubeIDE_1.17.0/STM32CubeIDE/plugins/com.st.stm32cube.ide.mcu.externaltools.gnu-tools-for-stm32.12.3.rel1.win32_1.1.0.202410251130/tools/bin/../lib/gcc/arm-none-eabi/12.3.1/thumb/v7e-m+fp/hard/crtbegin.o
 .text          0x080001e0       0x30 C:/ST/STM32CubeIDE_1.17.0/STM32CubeIDE/plugins/com.st.stm32cube.ide.mcu.externaltools.gnu-tools-for-stm32.12.3.rel1.win32_1.1.0.202410251130/tools/bin/../lib/gcc/arm-none-eabi/12.3.1/thumb/v7e-m+fp/hard\libgcc.a(_aeabi_uldivmod.o)
                0x080001e0                __aeabi_uldivmod
 .text          0x08000210      0x2bc C:/ST/STM32CubeIDE_1.17.0/STM32CubeIDE/plugins/com.st.stm32cube.ide.mcu.externaltools.gnu-tools-for-stm32.12.3.rel1.win32_1.1.0.202410251130/tools/bin/../lib/gcc/arm-none-eabi/12.3.1/thumb/v7e-m+fp/hard\libgcc.a(_udivmoddi4.o)
                0x08000210                __udivmoddi4
 .text          0x080004cc        0x4 C:/ST/STM32CubeIDE_1.17.0/STM32CubeIDE/plugins/com.st.stm32cube.ide.mcu.externaltools.gnu-tools-for-stm32.12.3.rel1.win32_1.1.0.202410251130/tools/bin/../lib/gcc/arm-none-eabi/12.3.1/thumb/v7e-m+fp/hard\libgcc.a(_dvmd_tls.o)
                0x080004cc                __aeabi_idiv0
                0x080004cc                __aeabi_ldiv0
 *(.text*)
 .text.MX_ADC1_Init
                0x080004d0      0x190 ./Application/User/Core/adc.o
                0x080004d0                MX_ADC1_Init
 .text.HAL_ADC_MspInit
                0x08000660      0x1a4 ./Application/User/Core/adc.o
                0x08000660                HAL_ADC_MspInit
 .text.MX_CAN1_Init
                0x08000804       0xa4 ./Application/User/Core/can.o
                0x08000804                MX_CAN1_Init
 .text.HAL_CAN_MspInit
                0x080008a8       0x98 ./Application/User/Core/can.o
                0x080008a8                HAL_CAN_MspInit
 .text.HAL_CAN_RxFifo0MsgPendingCallback
                0x08000940       0x48 ./Application/User/Core/can.o
                0x08000940                HAL_CAN_RxFifo0MsgPendingCallback
 .text.MX_DMA_Init
                0x08000988       0x5c ./Application/User/Core/dma.o
                0x08000988                MX_DMA_Init
 .text.vApplicationGetIdleTaskMemory
                0x080009e4       0x34 ./Application/User/Core/freertos.o
                0x080009e4                vApplicationGetIdleTaskMemory
 .text.MX_FREERTOS_Init
                0x08000a18      0x12c ./Application/User/Core/freertos.o
                0x08000a18                MX_FREERTOS_Init
 .text.StartDefaultTask
                0x08000b44       0x12 ./Application/User/Core/freertos.o
                0x08000b44                StartDefaultTask
 *fill*         0x08000b56        0x2 
 .text.SendFeedbackDataOverCAN
                0x08000b58       0xa0 ./Application/User/Core/freertos.o
                0x08000b58                SendFeedbackDataOverCAN
 .text.SendADCDataOverCAN
                0x08000bf8       0xcc ./Application/User/Core/freertos.o
                0x08000bf8                SendADCDataOverCAN
 .text.processADCData
                0x08000cc4       0x74 ./Application/User/Core/freertos.o
                0x08000cc4                processADCData
 .text.StartMonitoringTask
                0x08000d38       0x44 ./Application/User/Core/freertos.o
                0x08000d38                StartMonitoringTask
 .text.StartMotorControlTask
                0x08000d7c       0x54 ./Application/User/Core/freertos.o
                0x08000d7c                StartMotorControlTask
 .text.StartCanTask
                0x08000dd0       0xd4 ./Application/User/Core/freertos.o
                0x08000dd0                StartCanTask
 .text.StartSensorTask
                0x08000ea4       0x12 ./Application/User/Core/freertos.o
                0x08000ea4                StartSensorTask
 *fill*         0x08000eb6        0x2 
 .text.StartSwitchMonitoringTask
                0x08000eb8      0x114 ./Application/User/Core/freertos.o
                0x08000eb8                StartSwitchMonitoringTask
 .text.MX_GPIO_Init
                0x08000fcc      0x158 ./Application/User/Core/gpio.o
                0x08000fcc                MX_GPIO_Init
 .text.MX_I2C1_Init
                0x08001124       0x80 ./Application/User/Core/i2c.o
                0x08001124                MX_I2C1_Init
 .text.HAL_I2C_MspInit
                0x080011a4       0xb8 ./Application/User/Core/i2c.o
                0x080011a4                HAL_I2C_MspInit
 .text.main     0x0800125c       0x38 ./Application/User/Core/main.o
                0x0800125c                main
 .text.SystemClock_Config
                0x08001294       0xa6 ./Application/User/Core/main.o
                0x08001294                SystemClock_Config
 .text.Set_Motor_Direction
                0x0800133a       0x50 ./Application/User/Core/main.o
                0x0800133a                Set_Motor_Direction
 *fill*         0x0800138a        0x2 
 .text.Enable_Motor
                0x0800138c       0x50 ./Application/User/Core/main.o
                0x0800138c                Enable_Motor
 .text.Generate_Steps
                0x080013dc       0x58 ./Application/User/Core/main.o
                0x080013dc                Generate_Steps
 .text.HAL_ADC_ConvCpltCallback
                0x08001434       0x20 ./Application/User/Core/main.o
                0x08001434                HAL_ADC_ConvCpltCallback
 .text.HAL_TIM_PeriodElapsedCallback
                0x08001454       0x24 ./Application/User/Core/main.o
                0x08001454                HAL_TIM_PeriodElapsedCallback
 .text.Error_Handler
                0x08001478        0xc ./Application/User/Core/main.o
                0x08001478                Error_Handler
 .text.MX_SPI2_Init
                0x08001484       0x7c ./Application/User/Core/spi.o
                0x08001484                MX_SPI2_Init
 .text.HAL_SPI_MspInit
                0x08001500       0x88 ./Application/User/Core/spi.o
                0x08001500                HAL_SPI_MspInit
 .text.HAL_MspInit
                0x08001588       0x50 ./Application/User/Core/stm32l4xx_hal_msp.o
                0x08001588                HAL_MspInit
 .text.HAL_InitTick
                0x080015d8       0xe0 ./Application/User/Core/stm32l4xx_hal_timebase_tim.o
                0x080015d8                HAL_InitTick
 .text.NMI_Handler
                0x080016b8        0x8 ./Application/User/Core/stm32l4xx_it.o
                0x080016b8                NMI_Handler
 .text.HardFault_Handler
                0x080016c0        0x8 ./Application/User/Core/stm32l4xx_it.o
                0x080016c0                HardFault_Handler
 .text.MemManage_Handler
                0x080016c8        0x8 ./Application/User/Core/stm32l4xx_it.o
                0x080016c8                MemManage_Handler
 .text.BusFault_Handler
                0x080016d0        0x8 ./Application/User/Core/stm32l4xx_it.o
                0x080016d0                BusFault_Handler
 .text.UsageFault_Handler
                0x080016d8        0x8 ./Application/User/Core/stm32l4xx_it.o
                0x080016d8                UsageFault_Handler
 .text.DebugMon_Handler
                0x080016e0        0xe ./Application/User/Core/stm32l4xx_it.o
                0x080016e0                DebugMon_Handler
 *fill*         0x080016ee        0x2 
 .text.DMA1_Channel1_IRQHandler
                0x080016f0       0x14 ./Application/User/Core/stm32l4xx_it.o
                0x080016f0                DMA1_Channel1_IRQHandler
 .text.DMA1_Channel2_IRQHandler
                0x08001704       0x14 ./Application/User/Core/stm32l4xx_it.o
                0x08001704                DMA1_Channel2_IRQHandler
 .text.DMA1_Channel3_IRQHandler
                0x08001718       0x14 ./Application/User/Core/stm32l4xx_it.o
                0x08001718                DMA1_Channel3_IRQHandler
 .text.CAN1_RX0_IRQHandler
                0x0800172c       0x14 ./Application/User/Core/stm32l4xx_it.o
                0x0800172c                CAN1_RX0_IRQHandler
 .text.TIM1_UP_TIM16_IRQHandler
                0x08001740       0x14 ./Application/User/Core/stm32l4xx_it.o
                0x08001740                TIM1_UP_TIM16_IRQHandler
 .text.USART3_IRQHandler
                0x08001754       0x14 ./Application/User/Core/stm32l4xx_it.o
                0x08001754                USART3_IRQHandler
 .text.MX_TIM2_Init
                0x08001768       0xb0 ./Application/User/Core/tim.o
                0x08001768                MX_TIM2_Init
 .text.HAL_TIM_PWM_MspInit
                0x08001818       0x3c ./Application/User/Core/tim.o
                0x08001818                HAL_TIM_PWM_MspInit
 .text.HAL_TIM_MspPostInit
                0x08001854       0x68 ./Application/User/Core/tim.o
                0x08001854                HAL_TIM_MspPostInit
 .text.MX_USART3_UART_Init
                0x080018bc       0x60 ./Application/User/Core/usart.o
                0x080018bc                MX_USART3_UART_Init
 .text.HAL_UART_MspInit
                0x0800191c      0x184 ./Application/User/Core/usart.o
                0x0800191c                HAL_UART_MspInit
 .text.Reset_Handler
                0x08001aa0       0x50 ./Application/User/Startup/startup_stm32l452retx.o
                0x08001aa0                Reset_Handler
 .text.Default_Handler
                0x08001af0        0x2 ./Application/User/Startup/startup_stm32l452retx.o
                0x08001af0                RTC_Alarm_IRQHandler
                0x08001af0                EXTI2_IRQHandler
                0x08001af0                TIM1_CC_IRQHandler
                0x08001af0                TSC_IRQHandler
                0x08001af0                TAMP_STAMP_IRQHandler
                0x08001af0                EXTI3_IRQHandler
                0x08001af0                LPTIM2_IRQHandler
                0x08001af0                DFSDM1_FLT1_IRQHandler
                0x08001af0                I2C3_ER_IRQHandler
                0x08001af0                EXTI0_IRQHandler
                0x08001af0                I2C2_EV_IRQHandler
                0x08001af0                FPU_IRQHandler
                0x08001af0                SPI1_IRQHandler
                0x08001af0                TIM6_DAC_IRQHandler
                0x08001af0                DMA2_Channel2_IRQHandler
                0x08001af0                DMA1_Channel4_IRQHandler
                0x08001af0                ADC1_IRQHandler
                0x08001af0                DMA1_Channel7_IRQHandler
                0x08001af0                CAN1_RX1_IRQHandler
                0x08001af0                DMA2_Channel1_IRQHandler
                0x08001af0                QUADSPI_IRQHandler
                0x08001af0                I2C1_EV_IRQHandler
                0x08001af0                DMA1_Channel6_IRQHandler
                0x08001af0                UART4_IRQHandler
                0x08001af0                DMA2_Channel4_IRQHandler
                0x08001af0                TIM3_IRQHandler
                0x08001af0                RCC_IRQHandler
                0x08001af0                TIM1_TRG_COM_IRQHandler
                0x08001af0                Default_Handler
                0x08001af0                DMA2_Channel7_IRQHandler
                0x08001af0                EXTI15_10_IRQHandler
                0x08001af0                SDMMC1_IRQHandler
                0x08001af0                I2C3_EV_IRQHandler
                0x08001af0                USB_IRQHandler
                0x08001af0                EXTI9_5_IRQHandler
                0x08001af0                RTC_WKUP_IRQHandler
                0x08001af0                PVD_PVM_IRQHandler
                0x08001af0                SPI2_IRQHandler
                0x08001af0                CAN1_TX_IRQHandler
                0x08001af0                DMA2_Channel5_IRQHandler
                0x08001af0                CRS_IRQHandler
                0x08001af0                DMA1_Channel5_IRQHandler
                0x08001af0                EXTI4_IRQHandler
                0x08001af0                RNG_IRQHandler
                0x08001af0                COMP_IRQHandler
                0x08001af0                WWDG_IRQHandler
                0x08001af0                I2C4_EV_IRQHandler
                0x08001af0                LPUART1_IRQHandler
                0x08001af0                DMA2_Channel6_IRQHandler
                0x08001af0                TIM2_IRQHandler
                0x08001af0                EXTI1_IRQHandler
                0x08001af0                USART2_IRQHandler
                0x08001af0                DFSDM1_FLT0_IRQHandler
                0x08001af0                I2C2_ER_IRQHandler
                0x08001af0                CAN1_SCE_IRQHandler
                0x08001af0                FLASH_IRQHandler
                0x08001af0                USART1_IRQHandler
                0x08001af0                SPI3_IRQHandler
                0x08001af0                I2C1_ER_IRQHandler
                0x08001af0                LPTIM1_IRQHandler
                0x08001af0                I2C4_ER_IRQHandler
                0x08001af0                SAI1_IRQHandler
                0x08001af0                DMA2_Channel3_IRQHandler
                0x08001af0                TIM1_BRK_TIM15_IRQHandler
 *fill*         0x08001af2        0x2 
 .text.SystemInit
                0x08001af4       0x24 ./Drivers/CMSIS/system_stm32l4xx.o
                0x08001af4                SystemInit
 .text.HAL_Init
                0x08001b18       0x30 ./Drivers/STM32L4xx_HAL_Driver/stm32l4xx_hal.o
                0x08001b18                HAL_Init
 .text.HAL_IncTick
                0x08001b48       0x28 ./Drivers/STM32L4xx_HAL_Driver/stm32l4xx_hal.o
                0x08001b48                HAL_IncTick
 .text.HAL_GetTick
                0x08001b70       0x18 ./Drivers/STM32L4xx_HAL_Driver/stm32l4xx_hal.o
                0x08001b70                HAL_GetTick
 .text.HAL_Delay
                0x08001b88       0x48 ./Drivers/STM32L4xx_HAL_Driver/stm32l4xx_hal.o
                0x08001b88                HAL_Delay
 .text.LL_ADC_SetCommonClock
                0x08001bd0       0x26 ./Drivers/STM32L4xx_HAL_Driver/stm32l4xx_hal_adc.o
 .text.LL_ADC_SetCommonPathInternalCh
                0x08001bf6       0x26 ./Drivers/STM32L4xx_HAL_Driver/stm32l4xx_hal_adc.o
 .text.LL_ADC_GetCommonPathInternalCh
                0x08001c1c       0x1c ./Drivers/STM32L4xx_HAL_Driver/stm32l4xx_hal_adc.o
 .text.LL_ADC_SetOffset
                0x08001c38       0x48 ./Drivers/STM32L4xx_HAL_Driver/stm32l4xx_hal_adc.o
 .text.LL_ADC_GetOffsetChannel
                0x08001c80       0x2c ./Drivers/STM32L4xx_HAL_Driver/stm32l4xx_hal_adc.o
 .text.LL_ADC_SetOffsetState
                0x08001cac       0x36 ./Drivers/STM32L4xx_HAL_Driver/stm32l4xx_hal_adc.o
 .text.LL_ADC_SetSamplingTimeCommonConfig
                0x08001ce2       0x26 ./Drivers/STM32L4xx_HAL_Driver/stm32l4xx_hal_adc.o
 .text.LL_ADC_REG_IsTriggerSourceSWStart
                0x08001d08       0x26 ./Drivers/STM32L4xx_HAL_Driver/stm32l4xx_hal_adc.o
 .text.LL_ADC_REG_SetSequencerRanks
                0x08001d2e       0x58 ./Drivers/STM32L4xx_HAL_Driver/stm32l4xx_hal_adc.o
 .text.LL_ADC_SetChannelSamplingTime
                0x08001d86       0x56 ./Drivers/STM32L4xx_HAL_Driver/stm32l4xx_hal_adc.o
 .text.LL_ADC_SetChannelSingleDiff
                0x08001ddc       0x48 ./Drivers/STM32L4xx_HAL_Driver/stm32l4xx_hal_adc.o
 .text.LL_ADC_DisableDeepPowerDown
                0x08001e24       0x24 ./Drivers/STM32L4xx_HAL_Driver/stm32l4xx_hal_adc.o
 .text.LL_ADC_IsDeepPowerDownEnabled
                0x08001e48       0x28 ./Drivers/STM32L4xx_HAL_Driver/stm32l4xx_hal_adc.o
 .text.LL_ADC_EnableInternalRegulator
                0x08001e70       0x28 ./Drivers/STM32L4xx_HAL_Driver/stm32l4xx_hal_adc.o
 .text.LL_ADC_IsInternalRegulatorEnabled
                0x08001e98       0x28 ./Drivers/STM32L4xx_HAL_Driver/stm32l4xx_hal_adc.o
 .text.LL_ADC_Enable
                0x08001ec0       0x28 ./Drivers/STM32L4xx_HAL_Driver/stm32l4xx_hal_adc.o
 .text.LL_ADC_IsEnabled
                0x08001ee8       0x26 ./Drivers/STM32L4xx_HAL_Driver/stm32l4xx_hal_adc.o
 .text.LL_ADC_REG_StartConversion
                0x08001f0e       0x28 ./Drivers/STM32L4xx_HAL_Driver/stm32l4xx_hal_adc.o
 .text.LL_ADC_REG_IsConversionOngoing
                0x08001f36       0x26 ./Drivers/STM32L4xx_HAL_Driver/stm32l4xx_hal_adc.o
 .text.LL_ADC_INJ_IsConversionOngoing
                0x08001f5c       0x26 ./Drivers/STM32L4xx_HAL_Driver/stm32l4xx_hal_adc.o
 *fill*         0x08001f82        0x2 
 .text.HAL_ADC_Init
                0x08001f84      0x28c ./Drivers/STM32L4xx_HAL_Driver/stm32l4xx_hal_adc.o
                0x08001f84                HAL_ADC_Init
 .text.HAL_ADC_Start_DMA
                0x08002210      0x108 ./Drivers/STM32L4xx_HAL_Driver/stm32l4xx_hal_adc.o
                0x08002210                HAL_ADC_Start_DMA
 .text.HAL_ADC_ConvHalfCpltCallback
                0x08002318       0x14 ./Drivers/STM32L4xx_HAL_Driver/stm32l4xx_hal_adc.o
                0x08002318                HAL_ADC_ConvHalfCpltCallback
 .text.HAL_ADC_ErrorCallback
                0x0800232c       0x14 ./Drivers/STM32L4xx_HAL_Driver/stm32l4xx_hal_adc.o
                0x0800232c                HAL_ADC_ErrorCallback
 .text.HAL_ADC_ConfigChannel
                0x08002340      0x7f8 ./Drivers/STM32L4xx_HAL_Driver/stm32l4xx_hal_adc.o
                0x08002340                HAL_ADC_ConfigChannel
 .text.ADC_Enable
                0x08002b38      0x10c ./Drivers/STM32L4xx_HAL_Driver/stm32l4xx_hal_adc.o
                0x08002b38                ADC_Enable
 .text.ADC_DMAConvCplt
                0x08002c44       0xd8 ./Drivers/STM32L4xx_HAL_Driver/stm32l4xx_hal_adc.o
                0x08002c44                ADC_DMAConvCplt
 .text.ADC_DMAHalfConvCplt
                0x08002d1c       0x1c ./Drivers/STM32L4xx_HAL_Driver/stm32l4xx_hal_adc.o
                0x08002d1c                ADC_DMAHalfConvCplt
 .text.ADC_DMAError
                0x08002d38       0x34 ./Drivers/STM32L4xx_HAL_Driver/stm32l4xx_hal_adc.o
                0x08002d38                ADC_DMAError
 .text.HAL_CAN_Init
                0x08002d6c      0x1f6 ./Drivers/STM32L4xx_HAL_Driver/stm32l4xx_hal_can.o
                0x08002d6c                HAL_CAN_Init
 .text.HAL_CAN_ConfigFilter
                0x08002f62      0x194 ./Drivers/STM32L4xx_HAL_Driver/stm32l4xx_hal_can.o
                0x08002f62                HAL_CAN_ConfigFilter
 .text.HAL_CAN_Start
                0x080030f6       0x88 ./Drivers/STM32L4xx_HAL_Driver/stm32l4xx_hal_can.o
                0x080030f6                HAL_CAN_Start
 .text.HAL_CAN_AddTxMessage
                0x0800317e      0x1a0 ./Drivers/STM32L4xx_HAL_Driver/stm32l4xx_hal_can.o
                0x0800317e                HAL_CAN_AddTxMessage
 .text.HAL_CAN_GetRxMessage
                0x0800331e      0x244 ./Drivers/STM32L4xx_HAL_Driver/stm32l4xx_hal_can.o
                0x0800331e                HAL_CAN_GetRxMessage
 .text.HAL_CAN_ActivateNotification
                0x08003562       0x4c ./Drivers/STM32L4xx_HAL_Driver/stm32l4xx_hal_can.o
                0x08003562                HAL_CAN_ActivateNotification
 .text.HAL_CAN_IRQHandler
                0x080035ae      0x36e ./Drivers/STM32L4xx_HAL_Driver/stm32l4xx_hal_can.o
                0x080035ae                HAL_CAN_IRQHandler
 .text.HAL_CAN_TxMailbox0CompleteCallback
                0x0800391c       0x14 ./Drivers/STM32L4xx_HAL_Driver/stm32l4xx_hal_can.o
                0x0800391c                HAL_CAN_TxMailbox0CompleteCallback
 .text.HAL_CAN_TxMailbox1CompleteCallback
                0x08003930       0x14 ./Drivers/STM32L4xx_HAL_Driver/stm32l4xx_hal_can.o
                0x08003930                HAL_CAN_TxMailbox1CompleteCallback
 .text.HAL_CAN_TxMailbox2CompleteCallback
                0x08003944       0x14 ./Drivers/STM32L4xx_HAL_Driver/stm32l4xx_hal_can.o
                0x08003944                HAL_CAN_TxMailbox2CompleteCallback
 .text.HAL_CAN_TxMailbox0AbortCallback
                0x08003958       0x14 ./Drivers/STM32L4xx_HAL_Driver/stm32l4xx_hal_can.o
                0x08003958                HAL_CAN_TxMailbox0AbortCallback
 .text.HAL_CAN_TxMailbox1AbortCallback
                0x0800396c       0x14 ./Drivers/STM32L4xx_HAL_Driver/stm32l4xx_hal_can.o
                0x0800396c                HAL_CAN_TxMailbox1AbortCallback
 .text.HAL_CAN_TxMailbox2AbortCallback
                0x08003980       0x14 ./Drivers/STM32L4xx_HAL_Driver/stm32l4xx_hal_can.o
                0x08003980                HAL_CAN_TxMailbox2AbortCallback
 .text.HAL_CAN_RxFifo0FullCallback
                0x08003994       0x14 ./Drivers/STM32L4xx_HAL_Driver/stm32l4xx_hal_can.o
                0x08003994                HAL_CAN_RxFifo0FullCallback
 .text.HAL_CAN_RxFifo1MsgPendingCallback
                0x080039a8       0x14 ./Drivers/STM32L4xx_HAL_Driver/stm32l4xx_hal_can.o
                0x080039a8                HAL_CAN_RxFifo1MsgPendingCallback
 .text.HAL_CAN_RxFifo1FullCallback
                0x080039bc       0x14 ./Drivers/STM32L4xx_HAL_Driver/stm32l4xx_hal_can.o
                0x080039bc                HAL_CAN_RxFifo1FullCallback
 .text.HAL_CAN_SleepCallback
                0x080039d0       0x14 ./Drivers/STM32L4xx_HAL_Driver/stm32l4xx_hal_can.o
                0x080039d0                HAL_CAN_SleepCallback
 .text.HAL_CAN_WakeUpFromRxMsgCallback
                0x080039e4       0x14 ./Drivers/STM32L4xx_HAL_Driver/stm32l4xx_hal_can.o
                0x080039e4                HAL_CAN_WakeUpFromRxMsgCallback
 .text.HAL_CAN_ErrorCallback
                0x080039f8       0x14 ./Drivers/STM32L4xx_HAL_Driver/stm32l4xx_hal_can.o
                0x080039f8                HAL_CAN_ErrorCallback
 .text.__NVIC_SetPriorityGrouping
                0x08003a0c       0x48 ./Drivers/STM32L4xx_HAL_Driver/stm32l4xx_hal_cortex.o
 .text.__NVIC_GetPriorityGrouping
                0x08003a54       0x1c ./Drivers/STM32L4xx_HAL_Driver/stm32l4xx_hal_cortex.o
 .text.__NVIC_EnableIRQ
                0x08003a70       0x3c ./Drivers/STM32L4xx_HAL_Driver/stm32l4xx_hal_cortex.o
 .text.__NVIC_SetPriority
                0x08003aac       0x54 ./Drivers/STM32L4xx_HAL_Driver/stm32l4xx_hal_cortex.o
 .text.NVIC_EncodePriority
                0x08003b00       0x66 ./Drivers/STM32L4xx_HAL_Driver/stm32l4xx_hal_cortex.o
 .text.HAL_NVIC_SetPriorityGrouping
                0x08003b66       0x16 ./Drivers/STM32L4xx_HAL_Driver/stm32l4xx_hal_cortex.o
                0x08003b66                HAL_NVIC_SetPriorityGrouping
 .text.HAL_NVIC_SetPriority
                0x08003b7c       0x38 ./Drivers/STM32L4xx_HAL_Driver/stm32l4xx_hal_cortex.o
                0x08003b7c                HAL_NVIC_SetPriority
 .text.HAL_NVIC_EnableIRQ
                0x08003bb4       0x1c ./Drivers/STM32L4xx_HAL_Driver/stm32l4xx_hal_cortex.o
                0x08003bb4                HAL_NVIC_EnableIRQ
 .text.HAL_DMA_Init
                0x08003bd0      0x170 ./Drivers/STM32L4xx_HAL_Driver/stm32l4xx_hal_dma.o
                0x08003bd0                HAL_DMA_Init
 .text.HAL_DMA_Start_IT
                0x08003d40       0xc0 ./Drivers/STM32L4xx_HAL_Driver/stm32l4xx_hal_dma.o
                0x08003d40                HAL_DMA_Start_IT
 .text.HAL_DMA_Abort
                0x08003e00       0x7c ./Drivers/STM32L4xx_HAL_Driver/stm32l4xx_hal_dma.o
                0x08003e00                HAL_DMA_Abort
 .text.HAL_DMA_Abort_IT
                0x08003e7c       0x82 ./Drivers/STM32L4xx_HAL_Driver/stm32l4xx_hal_dma.o
                0x08003e7c                HAL_DMA_Abort_IT
 .text.HAL_DMA_IRQHandler
                0x08003efe      0x15e ./Drivers/STM32L4xx_HAL_Driver/stm32l4xx_hal_dma.o
                0x08003efe                HAL_DMA_IRQHandler
 .text.DMA_SetConfig
                0x0800405c       0x60 ./Drivers/STM32L4xx_HAL_Driver/stm32l4xx_hal_dma.o
 .text.HAL_GPIO_Init
                0x080040bc      0x2f4 ./Drivers/STM32L4xx_HAL_Driver/stm32l4xx_hal_gpio.o
                0x080040bc                HAL_GPIO_Init
 .text.HAL_GPIO_ReadPin
                0x080043b0       0x30 ./Drivers/STM32L4xx_HAL_Driver/stm32l4xx_hal_gpio.o
                0x080043b0                HAL_GPIO_ReadPin
 .text.HAL_GPIO_WritePin
                0x080043e0       0x30 ./Drivers/STM32L4xx_HAL_Driver/stm32l4xx_hal_gpio.o
                0x080043e0                HAL_GPIO_WritePin
 .text.HAL_I2C_Init
                0x08004410      0x136 ./Drivers/STM32L4xx_HAL_Driver/stm32l4xx_hal_i2c.o
                0x08004410                HAL_I2C_Init
 .text.HAL_I2CEx_ConfigAnalogFilter
                0x08004546       0x96 ./Drivers/STM32L4xx_HAL_Driver/stm32l4xx_hal_i2c_ex.o
                0x08004546                HAL_I2CEx_ConfigAnalogFilter
 .text.HAL_I2CEx_ConfigDigitalFilter
                0x080045dc       0x98 ./Drivers/STM32L4xx_HAL_Driver/stm32l4xx_hal_i2c_ex.o
                0x080045dc                HAL_I2CEx_ConfigDigitalFilter
 .text.HAL_PWREx_GetVoltageRange
                0x08004674       0x1c ./Drivers/STM32L4xx_HAL_Driver/stm32l4xx_hal_pwr_ex.o
                0x08004674                HAL_PWREx_GetVoltageRange
 .text.HAL_PWREx_ControlVoltageScaling
                0x08004690       0xac ./Drivers/STM32L4xx_HAL_Driver/stm32l4xx_hal_pwr_ex.o
                0x08004690                HAL_PWREx_ControlVoltageScaling
 .text.HAL_RCC_OscConfig
                0x0800473c      0x828 ./Drivers/STM32L4xx_HAL_Driver/stm32l4xx_hal_rcc.o
                0x0800473c                HAL_RCC_OscConfig
 .text.HAL_RCC_ClockConfig
                0x08004f64      0x200 ./Drivers/STM32L4xx_HAL_Driver/stm32l4xx_hal_rcc.o
                0x08004f64                HAL_RCC_ClockConfig
 .text.HAL_RCC_GetSysClockFreq
                0x08005164      0x118 ./Drivers/STM32L4xx_HAL_Driver/stm32l4xx_hal_rcc.o
                0x08005164                HAL_RCC_GetSysClockFreq
 .text.HAL_RCC_GetHCLKFreq
                0x0800527c       0x18 ./Drivers/STM32L4xx_HAL_Driver/stm32l4xx_hal_rcc.o
                0x0800527c                HAL_RCC_GetHCLKFreq
 .text.HAL_RCC_GetPCLK1Freq
                0x08005294       0x2c ./Drivers/STM32L4xx_HAL_Driver/stm32l4xx_hal_rcc.o
                0x08005294                HAL_RCC_GetPCLK1Freq
 .text.HAL_RCC_GetPCLK2Freq
                0x080052c0       0x2c ./Drivers/STM32L4xx_HAL_Driver/stm32l4xx_hal_rcc.o
                0x080052c0                HAL_RCC_GetPCLK2Freq
 .text.HAL_RCC_GetClockConfig
                0x080052ec       0x64 ./Drivers/STM32L4xx_HAL_Driver/stm32l4xx_hal_rcc.o
                0x080052ec                HAL_RCC_GetClockConfig
 .text.RCC_SetFlashLatencyFromMSIRange
                0x08005350       0xc0 ./Drivers/STM32L4xx_HAL_Driver/stm32l4xx_hal_rcc.o
 .text.HAL_RCCEx_PeriphCLKConfig
                0x08005410      0x4d8 ./Drivers/STM32L4xx_HAL_Driver/stm32l4xx_hal_rcc_ex.o
                0x08005410                HAL_RCCEx_PeriphCLKConfig
 .text.RCCEx_PLLSAI1_Config
                0x080058e8      0x1e4 ./Drivers/STM32L4xx_HAL_Driver/stm32l4xx_hal_rcc_ex.o
 .text.HAL_SPI_Init
                0x08005acc      0x146 ./Drivers/STM32L4xx_HAL_Driver/stm32l4xx_hal_spi.o
                0x08005acc                HAL_SPI_Init
 .text.HAL_TIM_Base_Init
                0x08005c12       0xae ./Drivers/STM32L4xx_HAL_Driver/stm32l4xx_hal_tim.o
                0x08005c12                HAL_TIM_Base_Init
 .text.HAL_TIM_Base_MspInit
                0x08005cc0       0x14 ./Drivers/STM32L4xx_HAL_Driver/stm32l4xx_hal_tim.o
                0x08005cc0                HAL_TIM_Base_MspInit
 .text.HAL_TIM_Base_Start_IT
                0x08005cd4       0xb8 ./Drivers/STM32L4xx_HAL_Driver/stm32l4xx_hal_tim.o
                0x08005cd4                HAL_TIM_Base_Start_IT
 .text.HAL_TIM_PWM_Init
                0x08005d8c       0xae ./Drivers/STM32L4xx_HAL_Driver/stm32l4xx_hal_tim.o
                0x08005d8c                HAL_TIM_PWM_Init
 *fill*         0x08005e3a        0x2 
 .text.HAL_TIM_PWM_Start
                0x08005e3c      0x1cc ./Drivers/STM32L4xx_HAL_Driver/stm32l4xx_hal_tim.o
                0x08005e3c                HAL_TIM_PWM_Start
 .text.HAL_TIM_PWM_Stop
                0x08006008      0x110 ./Drivers/STM32L4xx_HAL_Driver/stm32l4xx_hal_tim.o
                0x08006008                HAL_TIM_PWM_Stop
 .text.HAL_TIM_IRQHandler
                0x08006118      0x20e ./Drivers/STM32L4xx_HAL_Driver/stm32l4xx_hal_tim.o
                0x08006118                HAL_TIM_IRQHandler
 *fill*         0x08006326        0x2 
 .text.HAL_TIM_PWM_ConfigChannel
                0x08006328      0x228 ./Drivers/STM32L4xx_HAL_Driver/stm32l4xx_hal_tim.o
                0x08006328                HAL_TIM_PWM_ConfigChannel
 .text.HAL_TIM_OC_DelayElapsedCallback
                0x08006550       0x14 ./Drivers/STM32L4xx_HAL_Driver/stm32l4xx_hal_tim.o
                0x08006550                HAL_TIM_OC_DelayElapsedCallback
 .text.HAL_TIM_IC_CaptureCallback
                0x08006564       0x14 ./Drivers/STM32L4xx_HAL_Driver/stm32l4xx_hal_tim.o
                0x08006564                HAL_TIM_IC_CaptureCallback
 .text.HAL_TIM_PWM_PulseFinishedCallback
                0x08006578       0x14 ./Drivers/STM32L4xx_HAL_Driver/stm32l4xx_hal_tim.o
                0x08006578                HAL_TIM_PWM_PulseFinishedCallback
 .text.HAL_TIM_TriggerCallback
                0x0800658c       0x14 ./Drivers/STM32L4xx_HAL_Driver/stm32l4xx_hal_tim.o
                0x0800658c                HAL_TIM_TriggerCallback
 .text.TIM_Base_SetConfig
                0x080065a0       0xf4 ./Drivers/STM32L4xx_HAL_Driver/stm32l4xx_hal_tim.o
                0x080065a0                TIM_Base_SetConfig
 .text.TIM_OC1_SetConfig
                0x08006694       0xf8 ./Drivers/STM32L4xx_HAL_Driver/stm32l4xx_hal_tim.o
 .text.TIM_OC2_SetConfig
                0x0800678c       0xf4 ./Drivers/STM32L4xx_HAL_Driver/stm32l4xx_hal_tim.o
                0x0800678c                TIM_OC2_SetConfig
 .text.TIM_OC3_SetConfig
                0x08006880       0xf0 ./Drivers/STM32L4xx_HAL_Driver/stm32l4xx_hal_tim.o
 .text.TIM_OC4_SetConfig
                0x08006970       0xbc ./Drivers/STM32L4xx_HAL_Driver/stm32l4xx_hal_tim.o
 .text.TIM_OC5_SetConfig
                0x08006a2c       0xb0 ./Drivers/STM32L4xx_HAL_Driver/stm32l4xx_hal_tim.o
 .text.TIM_OC6_SetConfig
                0x08006adc       0xb4 ./Drivers/STM32L4xx_HAL_Driver/stm32l4xx_hal_tim.o
 .text.TIM_CCxChannelCmd
                0x08006b90       0x4a ./Drivers/STM32L4xx_HAL_Driver/stm32l4xx_hal_tim.o
                0x08006b90                TIM_CCxChannelCmd
 *fill*         0x08006bda        0x2 
 .text.HAL_TIMEx_MasterConfigSynchronization
                0x08006bdc       0xdc ./Drivers/STM32L4xx_HAL_Driver/stm32l4xx_hal_tim_ex.o
                0x08006bdc                HAL_TIMEx_MasterConfigSynchronization
 .text.HAL_TIMEx_CommutCallback
                0x08006cb8       0x14 ./Drivers/STM32L4xx_HAL_Driver/stm32l4xx_hal_tim_ex.o
                0x08006cb8                HAL_TIMEx_CommutCallback
 .text.HAL_TIMEx_BreakCallback
                0x08006ccc       0x14 ./Drivers/STM32L4xx_HAL_Driver/stm32l4xx_hal_tim_ex.o
                0x08006ccc                HAL_TIMEx_BreakCallback
 .text.HAL_TIMEx_Break2Callback
                0x08006ce0       0x14 ./Drivers/STM32L4xx_HAL_Driver/stm32l4xx_hal_tim_ex.o
                0x08006ce0                HAL_TIMEx_Break2Callback
 .text.HAL_UART_Init
                0x08006cf4       0x9c ./Drivers/STM32L4xx_HAL_Driver/stm32l4xx_hal_uart.o
                0x08006cf4                HAL_UART_Init
 .text.HAL_UART_IRQHandler
                0x08006d90      0x60c ./Drivers/STM32L4xx_HAL_Driver/stm32l4xx_hal_uart.o
                0x08006d90                HAL_UART_IRQHandler
 .text.HAL_UART_TxCpltCallback
                0x0800739c       0x14 ./Drivers/STM32L4xx_HAL_Driver/stm32l4xx_hal_uart.o
                0x0800739c                HAL_UART_TxCpltCallback
 .text.HAL_UART_ErrorCallback
                0x080073b0       0x14 ./Drivers/STM32L4xx_HAL_Driver/stm32l4xx_hal_uart.o
                0x080073b0                HAL_UART_ErrorCallback
 .text.HAL_UARTEx_RxEventCallback
                0x080073c4       0x18 ./Drivers/STM32L4xx_HAL_Driver/stm32l4xx_hal_uart.o
                0x080073c4                HAL_UARTEx_RxEventCallback
 .text.UART_SetConfig
                0x080073dc      0x50c ./Drivers/STM32L4xx_HAL_Driver/stm32l4xx_hal_uart.o
                0x080073dc                UART_SetConfig
 .text.UART_AdvFeatureConfig
                0x080078e8      0x144 ./Drivers/STM32L4xx_HAL_Driver/stm32l4xx_hal_uart.o
                0x080078e8                UART_AdvFeatureConfig
 .text.UART_CheckIdleState
                0x08007a2c      0x150 ./Drivers/STM32L4xx_HAL_Driver/stm32l4xx_hal_uart.o
                0x08007a2c                UART_CheckIdleState
 .text.UART_WaitOnFlagUntilTimeout
                0x08007b7c       0xda ./Drivers/STM32L4xx_HAL_Driver/stm32l4xx_hal_uart.o
                0x08007b7c                UART_WaitOnFlagUntilTimeout
 .text.UART_EndRxTransfer
                0x08007c56       0xc8 ./Drivers/STM32L4xx_HAL_Driver/stm32l4xx_hal_uart.o
 .text.UART_DMAAbortOnError
                0x08007d1e       0x2c ./Drivers/STM32L4xx_HAL_Driver/stm32l4xx_hal_uart.o
 .text.UART_EndTransmit_IT
                0x08007d4a       0x54 ./Drivers/STM32L4xx_HAL_Driver/stm32l4xx_hal_uart.o
 .text.HAL_UARTEx_WakeupCallback
                0x08007d9e       0x14 ./Drivers/STM32L4xx_HAL_Driver/stm32l4xx_hal_uart_ex.o
                0x08007d9e                HAL_UARTEx_WakeupCallback
 .text.makeFreeRtosPriority
                0x08007db2       0x30 ./Middlewares/FreeRTOS/cmsis_os.o
 .text.inHandlerMode
                0x08007de2       0x24 ./Middlewares/FreeRTOS/cmsis_os.o
 .text.osKernelStart
                0x08007e06        0xe ./Middlewares/FreeRTOS/cmsis_os.o
                0x08007e06                osKernelStart
 .text.osKernelSysTick
                0x08007e14       0x20 ./Middlewares/FreeRTOS/cmsis_os.o
                0x08007e14                osKernelSysTick
 .text.osThreadCreate
                0x08007e34       0x98 ./Middlewares/FreeRTOS/cmsis_os.o
                0x08007e34                osThreadCreate
 .text.osDelay  0x08007ecc       0x28 ./Middlewares/FreeRTOS/cmsis_os.o
                0x08007ecc                osDelay
 .text.pvPortMalloc
                0x08007ef4      0x19c ./Middlewares/FreeRTOS/heap_4.o
                0x08007ef4                pvPortMalloc
 .text.vPortFree
                0x08008090       0xc8 ./Middlewares/FreeRTOS/heap_4.o
                0x08008090                vPortFree
 .text.prvHeapInit
                0x08008158       0xc4 ./Middlewares/FreeRTOS/heap_4.o
 .text.prvInsertBlockIntoFreeList
                0x0800821c       0xb4 ./Middlewares/FreeRTOS/heap_4.o
 .text.vListInitialise
                0x080082d0       0x40 ./Middlewares/FreeRTOS/list.o
                0x080082d0                vListInitialise
 .text.vListInitialiseItem
                0x08008310       0x1a ./Middlewares/FreeRTOS/list.o
                0x08008310                vListInitialiseItem
 .text.vListInsertEnd
                0x0800832a       0x48 ./Middlewares/FreeRTOS/list.o
                0x0800832a                vListInsertEnd
 .text.vListInsert
                0x08008372       0x72 ./Middlewares/FreeRTOS/list.o
                0x08008372                vListInsert
 .text.uxListRemove
                0x080083e4       0x54 ./Middlewares/FreeRTOS/list.o
                0x080083e4                uxListRemove
 .text.pxPortInitialiseStack
                0x08008438       0x68 ./Middlewares/FreeRTOS/port.o
                0x08008438                pxPortInitialiseStack
 .text.prvTaskExitError
                0x080084a0       0x5c ./Middlewares/FreeRTOS/port.o
 *fill*         0x080084fc        0x4 
 .text.SVC_Handler
                0x08008500       0x28 ./Middlewares/FreeRTOS/port.o
                0x08008500                SVC_Handler
 .text.prvPortStartFirstTask
                0x08008528       0x28 ./Middlewares/FreeRTOS/port.o
 .text.xPortStartScheduler
                0x08008550      0x148 ./Middlewares/FreeRTOS/port.o
                0x08008550                xPortStartScheduler
 .text.vPortEnterCritical
                0x08008698       0x64 ./Middlewares/FreeRTOS/port.o
                0x08008698                vPortEnterCritical
 .text.vPortExitCritical
                0x080086fc       0x54 ./Middlewares/FreeRTOS/port.o
                0x080086fc                vPortExitCritical
 .text.PendSV_Handler
                0x08008750       0x68 ./Middlewares/FreeRTOS/port.o
                0x08008750                PendSV_Handler
 .text.SysTick_Handler
                0x080087b8       0x44 ./Middlewares/FreeRTOS/port.o
                0x080087b8                SysTick_Handler
 .text.vPortSetupTimerInterrupt
                0x080087fc       0x48 ./Middlewares/FreeRTOS/port.o
                0x080087fc                vPortSetupTimerInterrupt
 .text.vPortEnableVFP
                0x08008844       0x14 ./Middlewares/FreeRTOS/port.o
 .text.vPortValidateInterruptPriority
                0x08008858       0x84 ./Middlewares/FreeRTOS/port.o
                0x08008858                vPortValidateInterruptPriority
 .text.xTaskCreateStatic
                0x080088dc       0xc0 ./Middlewares/FreeRTOS/tasks.o
                0x080088dc                xTaskCreateStatic
 .text.xTaskCreate
                0x0800899c       0x8a ./Middlewares/FreeRTOS/tasks.o
                0x0800899c                xTaskCreate
 *fill*         0x08008a26        0x2 
 .text.prvInitialiseNewTask
                0x08008a28      0x140 ./Middlewares/FreeRTOS/tasks.o
 .text.prvAddNewTaskToReadyList
                0x08008b68       0xd4 ./Middlewares/FreeRTOS/tasks.o
 .text.vTaskDelay
                0x08008c3c       0x6c ./Middlewares/FreeRTOS/tasks.o
                0x08008c3c                vTaskDelay
 .text.vTaskStartScheduler
                0x08008ca8       0xd4 ./Middlewares/FreeRTOS/tasks.o
                0x08008ca8                vTaskStartScheduler
 .text.vTaskSuspendAll
                0x08008d7c       0x1c ./Middlewares/FreeRTOS/tasks.o
                0x08008d7c                vTaskSuspendAll
 .text.xTaskResumeAll
                0x08008d98      0x13c ./Middlewares/FreeRTOS/tasks.o
                0x08008d98                xTaskResumeAll
 .text.xTaskGetTickCount
                0x08008ed4       0x20 ./Middlewares/FreeRTOS/tasks.o
                0x08008ed4                xTaskGetTickCount
 .text.xTaskGetTickCountFromISR
                0x08008ef4       0x24 ./Middlewares/FreeRTOS/tasks.o
                0x08008ef4                xTaskGetTickCountFromISR
 .text.xTaskIncrementTick
                0x08008f18      0x174 ./Middlewares/FreeRTOS/tasks.o
                0x08008f18                xTaskIncrementTick
 .text.vTaskSwitchContext
                0x0800908c       0xc8 ./Middlewares/FreeRTOS/tasks.o
                0x0800908c                vTaskSwitchContext
 .text.prvIdleTask
                0x08009154       0x30 ./Middlewares/FreeRTOS/tasks.o
 .text.prvInitialiseTaskLists
                0x08009184       0x80 ./Middlewares/FreeRTOS/tasks.o
 .text.prvCheckTasksWaitingTermination
                0x08009204       0x5c ./Middlewares/FreeRTOS/tasks.o
 .text.prvDeleteTCB
                0x08009260       0x6a ./Middlewares/FreeRTOS/tasks.o
 *fill*         0x080092ca        0x2 
 .text.prvResetNextTaskUnblockTime
                0x080092cc       0x40 ./Middlewares/FreeRTOS/tasks.o
 .text.prvAddCurrentTaskToDelayedList
                0x0800930c       0xcc ./Middlewares/FreeRTOS/tasks.o
 .text.memset   0x080093d8       0x10 C:/ST/STM32CubeIDE_1.17.0/STM32CubeIDE/plugins/com.st.stm32cube.ide.mcu.externaltools.gnu-tools-for-stm32.12.3.rel1.win32_1.1.0.202410251130/tools/bin/../lib/gcc/arm-none-eabi/12.3.1/../../../../arm-none-eabi/lib/thumb/v7e-m+fp/hard\libc_nano.a(libc_a-memset.o)
                0x080093d8                memset
 .text._reclaim_reent
                0x080093e8       0xac C:/ST/STM32CubeIDE_1.17.0/STM32CubeIDE/plugins/com.st.stm32cube.ide.mcu.externaltools.gnu-tools-for-stm32.12.3.rel1.win32_1.1.0.202410251130/tools/bin/../lib/gcc/arm-none-eabi/12.3.1/../../../../arm-none-eabi/lib/thumb/v7e-m+fp/hard\libc_nano.a(libc_a-reent.o)
                0x080093e8                _reclaim_reent
 .text.__libc_init_array
                0x08009494       0x48 C:/ST/STM32CubeIDE_1.17.0/STM32CubeIDE/plugins/com.st.stm32cube.ide.mcu.externaltools.gnu-tools-for-stm32.12.3.rel1.win32_1.1.0.202410251130/tools/bin/../lib/gcc/arm-none-eabi/12.3.1/../../../../arm-none-eabi/lib/thumb/v7e-m+fp/hard\libc_nano.a(libc_a-init.o)
                0x08009494                __libc_init_array
 .text.__retarget_lock_acquire_recursive
                0x080094dc        0x2 C:/ST/STM32CubeIDE_1.17.0/STM32CubeIDE/plugins/com.st.stm32cube.ide.mcu.externaltools.gnu-tools-for-stm32.12.3.rel1.win32_1.1.0.202410251130/tools/bin/../lib/gcc/arm-none-eabi/12.3.1/../../../../arm-none-eabi/lib/thumb/v7e-m+fp/hard\libc_nano.a(libc_a-lock.o)
                0x080094dc                __retarget_lock_acquire_recursive
 .text.__retarget_lock_release_recursive
                0x080094de        0x2 C:/ST/STM32CubeIDE_1.17.0/STM32CubeIDE/plugins/com.st.stm32cube.ide.mcu.externaltools.gnu-tools-for-stm32.12.3.rel1.win32_1.1.0.202410251130/tools/bin/../lib/gcc/arm-none-eabi/12.3.1/../../../../arm-none-eabi/lib/thumb/v7e-m+fp/hard\libc_nano.a(libc_a-lock.o)
                0x080094de                __retarget_lock_release_recursive
 .text._free_r  0x080094e0       0x94 C:/ST/STM32CubeIDE_1.17.0/STM32CubeIDE/plugins/com.st.stm32cube.ide.mcu.externaltools.gnu-tools-for-stm32.12.3.rel1.win32_1.1.0.202410251130/tools/bin/../lib/gcc/arm-none-eabi/12.3.1/../../../../arm-none-eabi/lib/thumb/v7e-m+fp/hard\libc_nano.a(libc_a-freer.o)
                0x080094e0                _free_r
 .text.__malloc_lock
                0x08009574        0xc C:/ST/STM32CubeIDE_1.17.0/STM32CubeIDE/plugins/com.st.stm32cube.ide.mcu.externaltools.gnu-tools-for-stm32.12.3.rel1.win32_1.1.0.202410251130/tools/bin/../lib/gcc/arm-none-eabi/12.3.1/../../../../arm-none-eabi/lib/thumb/v7e-m+fp/hard\libc_nano.a(libc_a-mlock.o)
                0x08009574                __malloc_lock
 .text.__malloc_unlock
                0x08009580        0xc C:/ST/STM32CubeIDE_1.17.0/STM32CubeIDE/plugins/com.st.stm32cube.ide.mcu.externaltools.gnu-tools-for-stm32.12.3.rel1.win32_1.1.0.202410251130/tools/bin/../lib/gcc/arm-none-eabi/12.3.1/../../../../arm-none-eabi/lib/thumb/v7e-m+fp/hard\libc_nano.a(libc_a-mlock.o)
                0x08009580                __malloc_unlock
 *(.glue_7)
 .glue_7        0x0800958c        0x0 linker stubs
 *(.glue_7t)
 .glue_7t       0x0800958c        0x0 linker stubs
 *(.eh_frame)
 .eh_frame      0x0800958c        0x0 C:/ST/STM32CubeIDE_1.17.0/STM32CubeIDE/plugins/com.st.stm32cube.ide.mcu.externaltools.gnu-tools-for-stm32.12.3.rel1.win32_1.1.0.202410251130/tools/bin/../lib/gcc/arm-none-eabi/12.3.1/thumb/v7e-m+fp/hard/crtbegin.o
 *(.init)
 .init          0x0800958c        0x4 C:/ST/STM32CubeIDE_1.17.0/STM32CubeIDE/plugins/com.st.stm32cube.ide.mcu.externaltools.gnu-tools-for-stm32.12.3.rel1.win32_1.1.0.202410251130/tools/bin/../lib/gcc/arm-none-eabi/12.3.1/thumb/v7e-m+fp/hard/crti.o
                0x0800958c                _init
 .init          0x08009590        0x8 C:/ST/STM32CubeIDE_1.17.0/STM32CubeIDE/plugins/com.st.stm32cube.ide.mcu.externaltools.gnu-tools-for-stm32.12.3.rel1.win32_1.1.0.202410251130/tools/bin/../lib/gcc/arm-none-eabi/12.3.1/thumb/v7e-m+fp/hard/crtn.o
 *(.fini)
 .fini          0x08009598        0x4 C:/ST/STM32CubeIDE_1.17.0/STM32CubeIDE/plugins/com.st.stm32cube.ide.mcu.externaltools.gnu-tools-for-stm32.12.3.rel1.win32_1.1.0.202410251130/tools/bin/../lib/gcc/arm-none-eabi/12.3.1/thumb/v7e-m+fp/hard/crti.o
                0x08009598                _fini
 .fini          0x0800959c        0x8 C:/ST/STM32CubeIDE_1.17.0/STM32CubeIDE/plugins/com.st.stm32cube.ide.mcu.externaltools.gnu-tools-for-stm32.12.3.rel1.win32_1.1.0.202410251130/tools/bin/../lib/gcc/arm-none-eabi/12.3.1/thumb/v7e-m+fp/hard/crtn.o
                0x080095a4                        . = ALIGN (0x4)
                0x080095a4                        _etext = .

.vfp11_veneer   0x080095a4        0x0
 .vfp11_veneer  0x080095a4        0x0 linker stubs

.v4_bx          0x080095a4        0x0
 .v4_bx         0x080095a4        0x0 linker stubs

.iplt           0x080095a4        0x0
 .iplt          0x080095a4        0x0 C:/ST/STM32CubeIDE_1.17.0/STM32CubeIDE/plugins/com.st.stm32cube.ide.mcu.externaltools.gnu-tools-for-stm32.12.3.rel1.win32_1.1.0.202410251130/tools/bin/../lib/gcc/arm-none-eabi/12.3.1/thumb/v7e-m+fp/hard/crtbegin.o

.rodata         0x080095a4      0x154
                0x080095a4                        . = ALIGN (0x4)
 *(.rodata)
 .rodata        0x080095a4      0x104 ./Application/User/Core/freertos.o
 .rodata        0x080096a8        0x5 ./Middlewares/FreeRTOS/tasks.o
 *(.rodata*)
 *fill*         0x080096ad        0x3 
 .rodata.AHBPrescTable
                0x080096b0       0x10 ./Drivers/CMSIS/system_stm32l4xx.o
                0x080096b0                AHBPrescTable
 .rodata.APBPrescTable
                0x080096c0        0x8 ./Drivers/CMSIS/system_stm32l4xx.o
                0x080096c0                APBPrescTable
 .rodata.MSIRangeTable
                0x080096c8       0x30 ./Drivers/CMSIS/system_stm32l4xx.o
                0x080096c8                MSIRangeTable
                0x080096f8                        . = ALIGN (0x4)

.ARM.extab      0x080096f8        0x0
                0x080096f8                        . = ALIGN (0x4)
 *(.ARM.extab* .gnu.linkonce.armextab.*)
                0x080096f8                        . = ALIGN (0x4)

.ARM            0x080096f8        0x8
                0x080096f8                        . = ALIGN (0x4)
                0x080096f8                        __exidx_start = .
 *(.ARM.exidx*)
 .ARM.exidx     0x080096f8        0x8 C:/ST/STM32CubeIDE_1.17.0/STM32CubeIDE/plugins/com.st.stm32cube.ide.mcu.externaltools.gnu-tools-for-stm32.12.3.rel1.win32_1.1.0.202410251130/tools/bin/../lib/gcc/arm-none-eabi/12.3.1/thumb/v7e-m+fp/hard\libgcc.a(_udivmoddi4.o)
                0x08009700                        __exidx_end = .
                0x08009700                        . = ALIGN (0x4)

.preinit_array  0x08009700        0x0
                0x08009700                        . = ALIGN (0x4)
                0x08009700                        PROVIDE (__preinit_array_start = .)
 *(.preinit_array*)
                0x08009700                        PROVIDE (__preinit_array_end = .)
                0x08009700                        . = ALIGN (0x4)

.init_array     0x08009700        0x4
                0x08009700                        . = ALIGN (0x4)
                0x08009700                        PROVIDE (__init_array_start = .)
 *(SORT_BY_NAME(.init_array.*))
 *(.init_array*)
 .init_array    0x08009700        0x4 C:/ST/STM32CubeIDE_1.17.0/STM32CubeIDE/plugins/com.st.stm32cube.ide.mcu.externaltools.gnu-tools-for-stm32.12.3.rel1.win32_1.1.0.202410251130/tools/bin/../lib/gcc/arm-none-eabi/12.3.1/thumb/v7e-m+fp/hard/crtbegin.o
                0x08009704                        PROVIDE (__init_array_end = .)
                0x08009704                        . = ALIGN (0x4)

.fini_array     0x08009704        0x4
                0x08009704                        . = ALIGN (0x4)
                [!provide]                        PROVIDE (__fini_array_start = .)
 *(SORT_BY_NAME(.fini_array.*))
 *(.fini_array*)
 .fini_array    0x08009704        0x4 C:/ST/STM32CubeIDE_1.17.0/STM32CubeIDE/plugins/com.st.stm32cube.ide.mcu.externaltools.gnu-tools-for-stm32.12.3.rel1.win32_1.1.0.202410251130/tools/bin/../lib/gcc/arm-none-eabi/12.3.1/thumb/v7e-m+fp/hard/crtbegin.o
                [!provide]                        PROVIDE (__fini_array_end = .)
                0x08009708                        . = ALIGN (0x4)
                0x08009708                        _sidata = LOADADDR (.data)

.rel.dyn        0x08009708        0x0
 .rel.iplt      0x08009708        0x0 C:/ST/STM32CubeIDE_1.17.0/STM32CubeIDE/plugins/com.st.stm32cube.ide.mcu.externaltools.gnu-tools-for-stm32.12.3.rel1.win32_1.1.0.202410251130/tools/bin/../lib/gcc/arm-none-eabi/12.3.1/thumb/v7e-m+fp/hard/crtbegin.o

.data           0x20000000       0x60 load address 0x08009708
                0x20000000                        . = ALIGN (0x4)
                0x20000000                        _sdata = .
 *(.data)
 *(.data*)
 .data.SystemCoreClock
                0x20000000        0x4 ./Drivers/CMSIS/system_stm32l4xx.o
                0x20000000                SystemCoreClock
 .data.uwTickPrio
                0x20000004        0x4 ./Drivers/STM32L4xx_HAL_Driver/stm32l4xx_hal.o
                0x20000004                uwTickPrio
 .data.uwTickFreq
                0x20000008        0x1 ./Drivers/STM32L4xx_HAL_Driver/stm32l4xx_hal.o
                0x20000008                uwTickFreq
 *fill*         0x20000009        0x3 
 .data.uxCriticalNesting
                0x2000000c        0x4 ./Middlewares/FreeRTOS/port.o
 .data._impure_ptr
                0x20000010        0x4 C:/ST/STM32CubeIDE_1.17.0/STM32CubeIDE/plugins/com.st.stm32cube.ide.mcu.externaltools.gnu-tools-for-stm32.12.3.rel1.win32_1.1.0.202410251130/tools/bin/../lib/gcc/arm-none-eabi/12.3.1/../../../../arm-none-eabi/lib/thumb/v7e-m+fp/hard\libc_nano.a(libc_a-impure.o)
                0x20000010                _impure_ptr
 .data._impure_data
                0x20000014       0x4c C:/ST/STM32CubeIDE_1.17.0/STM32CubeIDE/plugins/com.st.stm32cube.ide.mcu.externaltools.gnu-tools-for-stm32.12.3.rel1.win32_1.1.0.202410251130/tools/bin/../lib/gcc/arm-none-eabi/12.3.1/../../../../arm-none-eabi/lib/thumb/v7e-m+fp/hard\libc_nano.a(libc_a-impure.o)
                0x20000014                _impure_data
 *(.RamFunc)
 *(.RamFunc*)
                0x20000060                        . = ALIGN (0x4)
                0x20000060                        _edata = .

.igot.plt       0x20000060        0x0 load address 0x08009768
 .igot.plt      0x20000060        0x0 C:/ST/STM32CubeIDE_1.17.0/STM32CubeIDE/plugins/com.st.stm32cube.ide.mcu.externaltools.gnu-tools-for-stm32.12.3.rel1.win32_1.1.0.202410251130/tools/bin/../lib/gcc/arm-none-eabi/12.3.1/thumb/v7e-m+fp/hard/crtbegin.o
                0x20000060                        . = ALIGN (0x4)

.bss            0x20000060     0x1aa4 load address 0x08009768
                0x20000060                        _sbss = .
                0x20000060                        __bss_start__ = _sbss
 *(.bss)
 .bss           0x20000060       0x1c C:/ST/STM32CubeIDE_1.17.0/STM32CubeIDE/plugins/com.st.stm32cube.ide.mcu.externaltools.gnu-tools-for-stm32.12.3.rel1.win32_1.1.0.202410251130/tools/bin/../lib/gcc/arm-none-eabi/12.3.1/thumb/v7e-m+fp/hard/crtbegin.o
 *(.bss*)
 .bss.isADCFinished
                0x2000007c        0x4 ./Application/User/Core/adc.o
                0x2000007c                isADCFinished
 .bss.hadc1     0x20000080       0x68 ./Application/User/Core/adc.o
                0x20000080                hadc1
 .bss.hdma_adc1
                0x200000e8       0x48 ./Application/User/Core/adc.o
                0x200000e8                hdma_adc1
 .bss.RxHeader  0x20000130       0x1c ./Application/User/Core/can.o
                0x20000130                RxHeader
 .bss.RxData    0x2000014c        0x8 ./Application/User/Core/can.o
                0x2000014c                RxData
 .bss.sprayerSystemDataFlag
                0x20000154        0x4 ./Application/User/Core/can.o
                0x20000154                sprayerSystemDataFlag
 .bss.hcan1     0x20000158       0x28 ./Application/User/Core/can.o
                0x20000158                hcan1
 .bss.servo_move_flag
                0x20000180        0x4 ./Application/User/Core/freertos.o
                0x20000180                servo_move_flag
 .bss.motorTopPosition
                0x20000184        0x4 ./Application/User/Core/freertos.o
                0x20000184                motorTopPosition
 .bss.motorBasePosition
                0x20000188        0x4 ./Application/User/Core/freertos.o
                0x20000188                motorBasePosition
 .bss.pumpStatus
                0x2000018c        0x4 ./Application/User/Core/freertos.o
                0x2000018c                pumpStatus
 .bss.blowerStatus
                0x20000190        0x4 ./Application/User/Core/freertos.o
                0x20000190                blowerStatus
 .bss.adc_data  0x20000194        0xe ./Application/User/Core/freertos.o
                0x20000194                adc_data
 *fill*         0x200001a2        0x2 
 .bss.temperature
                0x200001a4        0x4 ./Application/User/Core/freertos.o
                0x200001a4                temperature
 .bss.voltage_5v
                0x200001a8        0x4 ./Application/User/Core/freertos.o
                0x200001a8                voltage_5v
 .bss.voltage_3v3
                0x200001ac        0x4 ./Application/User/Core/freertos.o
                0x200001ac                voltage_3v3
 .bss.monitoringTaskHandle
                0x200001b0        0x4 ./Application/User/Core/freertos.o
                0x200001b0                monitoringTaskHandle
 .bss.motorControlTaskHandle
                0x200001b4        0x4 ./Application/User/Core/freertos.o
                0x200001b4                motorControlTaskHandle
 .bss.canTaskHandle
                0x200001b8        0x4 ./Application/User/Core/freertos.o
                0x200001b8                canTaskHandle
 .bss.sensorTaskHandle
                0x200001bc        0x4 ./Application/User/Core/freertos.o
                0x200001bc                sensorTaskHandle
 .bss.switchMonitoringTaskHandle
                0x200001c0        0x4 ./Application/User/Core/freertos.o
                0x200001c0                switchMonitoringTaskHandle
 .bss.defaultTaskHandle
                0x200001c4        0x4 ./Application/User/Core/freertos.o
                0x200001c4                defaultTaskHandle
 .bss.xIdleTaskTCBBuffer
                0x200001c8       0xa0 ./Application/User/Core/freertos.o
 .bss.xIdleStack
                0x20000268      0x200 ./Application/User/Core/freertos.o
 .bss.lastFeedbackTime.1
                0x20000468        0x4 ./Application/User/Core/freertos.o
 .bss.lastADCTime.0
                0x2000046c        0x4 ./Application/User/Core/freertos.o
 .bss.hi2c1     0x20000470       0x54 ./Application/User/Core/i2c.o
                0x20000470                hi2c1
 .bss.hspi2     0x200004c4       0x64 ./Application/User/Core/spi.o
                0x200004c4                hspi2
 .bss.htim1     0x20000528       0x4c ./Application/User/Core/stm32l4xx_hal_timebase_tim.o
                0x20000528                htim1
 .bss.htim2     0x20000574       0x4c ./Application/User/Core/tim.o
                0x20000574                htim2
 .bss.huart3    0x200005c0       0x88 ./Application/User/Core/usart.o
                0x200005c0                huart3
 .bss.hdma_usart3_rx
                0x20000648       0x48 ./Application/User/Core/usart.o
                0x20000648                hdma_usart3_rx
 .bss.hdma_usart3_tx
                0x20000690       0x48 ./Application/User/Core/usart.o
                0x20000690                hdma_usart3_tx
 .bss.uwTick    0x200006d8        0x4 ./Drivers/STM32L4xx_HAL_Driver/stm32l4xx_hal.o
                0x200006d8                uwTick
 .bss.ucHeap    0x200006dc     0x1194 ./Middlewares/FreeRTOS/heap_4.o
 .bss.xStart    0x20001870        0x8 ./Middlewares/FreeRTOS/heap_4.o
 .bss.pxEnd     0x20001878        0x4 ./Middlewares/FreeRTOS/heap_4.o
 .bss.xFreeBytesRemaining
                0x2000187c        0x4 ./Middlewares/FreeRTOS/heap_4.o
 .bss.xMinimumEverFreeBytesRemaining
                0x20001880        0x4 ./Middlewares/FreeRTOS/heap_4.o
 .bss.xNumberOfSuccessfulAllocations
                0x20001884        0x4 ./Middlewares/FreeRTOS/heap_4.o
 .bss.xNumberOfSuccessfulFrees
                0x20001888        0x4 ./Middlewares/FreeRTOS/heap_4.o
 .bss.xBlockAllocatedBit
                0x2000188c        0x4 ./Middlewares/FreeRTOS/heap_4.o
 .bss.ucMaxSysCallPriority
                0x20001890        0x1 ./Middlewares/FreeRTOS/port.o
 *fill*         0x20001891        0x3 
 .bss.ulMaxPRIGROUPValue
                0x20001894        0x4 ./Middlewares/FreeRTOS/port.o
 .bss.pxCurrentTCB
                0x20001898        0x4 ./Middlewares/FreeRTOS/tasks.o
                0x20001898                pxCurrentTCB
 .bss.pxReadyTasksLists
                0x2000189c       0x8c ./Middlewares/FreeRTOS/tasks.o
 .bss.xDelayedTaskList1
                0x20001928       0x14 ./Middlewares/FreeRTOS/tasks.o
 .bss.xDelayedTaskList2
                0x2000193c       0x14 ./Middlewares/FreeRTOS/tasks.o
 .bss.pxDelayedTaskList
                0x20001950        0x4 ./Middlewares/FreeRTOS/tasks.o
 .bss.pxOverflowDelayedTaskList
                0x20001954        0x4 ./Middlewares/FreeRTOS/tasks.o
 .bss.xPendingReadyList
                0x20001958       0x14 ./Middlewares/FreeRTOS/tasks.o
 .bss.xTasksWaitingTermination
                0x2000196c       0x14 ./Middlewares/FreeRTOS/tasks.o
 .bss.uxDeletedTasksWaitingCleanUp
                0x20001980        0x4 ./Middlewares/FreeRTOS/tasks.o
 .bss.xSuspendedTaskList
                0x20001984       0x14 ./Middlewares/FreeRTOS/tasks.o
 .bss.uxCurrentNumberOfTasks
                0x20001998        0x4 ./Middlewares/FreeRTOS/tasks.o
 .bss.xTickCount
                0x2000199c        0x4 ./Middlewares/FreeRTOS/tasks.o
 .bss.uxTopReadyPriority
                0x200019a0        0x4 ./Middlewares/FreeRTOS/tasks.o
 .bss.xSchedulerRunning
                0x200019a4        0x4 ./Middlewares/FreeRTOS/tasks.o
 .bss.xPendedTicks
                0x200019a8        0x4 ./Middlewares/FreeRTOS/tasks.o
 .bss.xYieldPending
                0x200019ac        0x4 ./Middlewares/FreeRTOS/tasks.o
 .bss.xNumOfOverflows
                0x200019b0        0x4 ./Middlewares/FreeRTOS/tasks.o
 .bss.uxTaskNumber
                0x200019b4        0x4 ./Middlewares/FreeRTOS/tasks.o
 .bss.xNextTaskUnblockTime
                0x200019b8        0x4 ./Middlewares/FreeRTOS/tasks.o
 .bss.xIdleTaskHandle
                0x200019bc        0x4 ./Middlewares/FreeRTOS/tasks.o
 .bss.uxSchedulerSuspended
                0x200019c0        0x4 ./Middlewares/FreeRTOS/tasks.o
 .bss.__sf      0x200019c4      0x138 C:/ST/STM32CubeIDE_1.17.0/STM32CubeIDE/plugins/com.st.stm32cube.ide.mcu.externaltools.gnu-tools-for-stm32.12.3.rel1.win32_1.1.0.202410251130/tools/bin/../lib/gcc/arm-none-eabi/12.3.1/../../../../arm-none-eabi/lib/thumb/v7e-m+fp/hard\libc_nano.a(libc_a-findfp.o)
                0x200019c4                __sf
 .bss.__lock___malloc_recursive_mutex
                0x20001afc        0x1 C:/ST/STM32CubeIDE_1.17.0/STM32CubeIDE/plugins/com.st.stm32cube.ide.mcu.externaltools.gnu-tools-for-stm32.12.3.rel1.win32_1.1.0.202410251130/tools/bin/../lib/gcc/arm-none-eabi/12.3.1/../../../../arm-none-eabi/lib/thumb/v7e-m+fp/hard\libc_nano.a(libc_a-lock.o)
                0x20001afc                __lock___malloc_recursive_mutex
 *fill*         0x20001afd        0x3 
 .bss.__malloc_free_list
                0x20001b00        0x4 C:/ST/STM32CubeIDE_1.17.0/STM32CubeIDE/plugins/com.st.stm32cube.ide.mcu.externaltools.gnu-tools-for-stm32.12.3.rel1.win32_1.1.0.202410251130/tools/bin/../lib/gcc/arm-none-eabi/12.3.1/../../../../arm-none-eabi/lib/thumb/v7e-m+fp/hard\libc_nano.a(libc_a-mallocr.o)
                0x20001b00                __malloc_free_list
 *(COMMON)
                0x20001b04                        . = ALIGN (0x4)
                0x20001b04                        _ebss = .
                0x20001b04                        __bss_end__ = _ebss

._user_heap_stack
                0x20001b04      0x604 load address 0x08009768
                0x20001b08                        . = ALIGN (0x8)
 *fill*         0x20001b04        0x4 
                [!provide]                        PROVIDE (end = .)
                0x20001b08                        PROVIDE (_end = .)
                0x20001d08                        . = (. + _Min_Heap_Size)
 *fill*         0x20001b08      0x200 
                0x20002108                        . = (. + _Min_Stack_Size)
 *fill*         0x20001d08      0x400 
                0x20002108                        . = ALIGN (0x8)

/DISCARD/
 libc.a(*)
 libm.a(*)
 libgcc.a(*)

.ARM.attributes
                0x00000000       0x30
 *(.ARM.attributes)
 .ARM.attributes
                0x00000000       0x22 C:/ST/STM32CubeIDE_1.17.0/STM32CubeIDE/plugins/com.st.stm32cube.ide.mcu.externaltools.gnu-tools-for-stm32.12.3.rel1.win32_1.1.0.202410251130/tools/bin/../lib/gcc/arm-none-eabi/12.3.1/thumb/v7e-m+fp/hard/crti.o
 .ARM.attributes
                0x00000022       0x34 C:/ST/STM32CubeIDE_1.17.0/STM32CubeIDE/plugins/com.st.stm32cube.ide.mcu.externaltools.gnu-tools-for-stm32.12.3.rel1.win32_1.1.0.202410251130/tools/bin/../lib/gcc/arm-none-eabi/12.3.1/thumb/v7e-m+fp/hard/crtbegin.o
 .ARM.attributes
                0x00000056       0x34 ./Application/User/Core/adc.o
 .ARM.attributes
                0x0000008a       0x34 ./Application/User/Core/can.o
 .ARM.attributes
                0x000000be       0x34 ./Application/User/Core/dma.o
 .ARM.attributes
                0x000000f2       0x34 ./Application/User/Core/freertos.o
 .ARM.attributes
                0x00000126       0x34 ./Application/User/Core/gpio.o
 .ARM.attributes
                0x0000015a       0x34 ./Application/User/Core/i2c.o
 .ARM.attributes
                0x0000018e       0x34 ./Application/User/Core/main.o
 .ARM.attributes
                0x000001c2       0x34 ./Application/User/Core/spi.o
 .ARM.attributes
                0x000001f6       0x34 ./Application/User/Core/stm32l4xx_hal_msp.o
 .ARM.attributes
                0x0000022a       0x34 ./Application/User/Core/stm32l4xx_hal_timebase_tim.o
 .ARM.attributes
                0x0000025e       0x34 ./Application/User/Core/stm32l4xx_it.o
 .ARM.attributes
                0x00000292       0x34 ./Application/User/Core/tim.o
 .ARM.attributes
                0x000002c6       0x34 ./Application/User/Core/usart.o
 .ARM.attributes
                0x000002fa       0x21 ./Application/User/Startup/startup_stm32l452retx.o
 .ARM.attributes
                0x0000031b       0x34 ./Drivers/CMSIS/system_stm32l4xx.o
 .ARM.attributes
                0x0000034f       0x34 ./Drivers/STM32L4xx_HAL_Driver/stm32l4xx_hal.o
 .ARM.attributes
                0x00000383       0x34 ./Drivers/STM32L4xx_HAL_Driver/stm32l4xx_hal_adc.o
 .ARM.attributes
                0x000003b7       0x34 ./Drivers/STM32L4xx_HAL_Driver/stm32l4xx_hal_can.o
 .ARM.attributes
                0x000003eb       0x34 ./Drivers/STM32L4xx_HAL_Driver/stm32l4xx_hal_cortex.o
 .ARM.attributes
                0x0000041f       0x34 ./Drivers/STM32L4xx_HAL_Driver/stm32l4xx_hal_dma.o
 .ARM.attributes
                0x00000453       0x34 ./Drivers/STM32L4xx_HAL_Driver/stm32l4xx_hal_gpio.o
 .ARM.attributes
                0x00000487       0x34 ./Drivers/STM32L4xx_HAL_Driver/stm32l4xx_hal_i2c.o
 .ARM.attributes
                0x000004bb       0x34 ./Drivers/STM32L4xx_HAL_Driver/stm32l4xx_hal_i2c_ex.o
 .ARM.attributes
                0x000004ef       0x34 ./Drivers/STM32L4xx_HAL_Driver/stm32l4xx_hal_pwr_ex.o
 .ARM.attributes
                0x00000523       0x34 ./Drivers/STM32L4xx_HAL_Driver/stm32l4xx_hal_rcc.o
 .ARM.attributes
                0x00000557       0x34 ./Drivers/STM32L4xx_HAL_Driver/stm32l4xx_hal_rcc_ex.o
 .ARM.attributes
                0x0000058b       0x34 ./Drivers/STM32L4xx_HAL_Driver/stm32l4xx_hal_spi.o
 .ARM.attributes
                0x000005bf       0x34 ./Drivers/STM32L4xx_HAL_Driver/stm32l4xx_hal_tim.o
 .ARM.attributes
                0x000005f3       0x34 ./Drivers/STM32L4xx_HAL_Driver/stm32l4xx_hal_tim_ex.o
 .ARM.attributes
                0x00000627       0x34 ./Drivers/STM32L4xx_HAL_Driver/stm32l4xx_hal_uart.o
 .ARM.attributes
                0x0000065b       0x34 ./Drivers/STM32L4xx_HAL_Driver/stm32l4xx_hal_uart_ex.o
 .ARM.attributes
                0x0000068f       0x34 ./Middlewares/FreeRTOS/cmsis_os.o
 .ARM.attributes
                0x000006c3       0x34 ./Middlewares/FreeRTOS/heap_4.o
 .ARM.attributes
                0x000006f7       0x34 ./Middlewares/FreeRTOS/list.o
 .ARM.attributes
                0x0000072b       0x34 ./Middlewares/FreeRTOS/port.o
 .ARM.attributes
                0x0000075f       0x34 ./Middlewares/FreeRTOS/tasks.o
 .ARM.attributes
                0x00000793       0x34 C:/ST/STM32CubeIDE_1.17.0/STM32CubeIDE/plugins/com.st.stm32cube.ide.mcu.externaltools.gnu-tools-for-stm32.12.3.rel1.win32_1.1.0.202410251130/tools/bin/../lib/gcc/arm-none-eabi/12.3.1/../../../../arm-none-eabi/lib/thumb/v7e-m+fp/hard\libc_nano.a(libc_a-findfp.o)
 .ARM.attributes
                0x000007c7       0x34 C:/ST/STM32CubeIDE_1.17.0/STM32CubeIDE/plugins/com.st.stm32cube.ide.mcu.externaltools.gnu-tools-for-stm32.12.3.rel1.win32_1.1.0.202410251130/tools/bin/../lib/gcc/arm-none-eabi/12.3.1/../../../../arm-none-eabi/lib/thumb/v7e-m+fp/hard\libc_nano.a(libc_a-memset.o)
 .ARM.attributes
                0x000007fb       0x34 C:/ST/STM32CubeIDE_1.17.0/STM32CubeIDE/plugins/com.st.stm32cube.ide.mcu.externaltools.gnu-tools-for-stm32.12.3.rel1.win32_1.1.0.202410251130/tools/bin/../lib/gcc/arm-none-eabi/12.3.1/../../../../arm-none-eabi/lib/thumb/v7e-m+fp/hard\libc_nano.a(libc_a-reent.o)
 .ARM.attributes
                0x0000082f       0x34 C:/ST/STM32CubeIDE_1.17.0/STM32CubeIDE/plugins/com.st.stm32cube.ide.mcu.externaltools.gnu-tools-for-stm32.12.3.rel1.win32_1.1.0.202410251130/tools/bin/../lib/gcc/arm-none-eabi/12.3.1/../../../../arm-none-eabi/lib/thumb/v7e-m+fp/hard\libc_nano.a(libc_a-impure.o)
 .ARM.attributes
                0x00000863       0x34 C:/ST/STM32CubeIDE_1.17.0/STM32CubeIDE/plugins/com.st.stm32cube.ide.mcu.externaltools.gnu-tools-for-stm32.12.3.rel1.win32_1.1.0.202410251130/tools/bin/../lib/gcc/arm-none-eabi/12.3.1/../../../../arm-none-eabi/lib/thumb/v7e-m+fp/hard\libc_nano.a(libc_a-init.o)
 .ARM.attributes
                0x00000897       0x34 C:/ST/STM32CubeIDE_1.17.0/STM32CubeIDE/plugins/com.st.stm32cube.ide.mcu.externaltools.gnu-tools-for-stm32.12.3.rel1.win32_1.1.0.202410251130/tools/bin/../lib/gcc/arm-none-eabi/12.3.1/../../../../arm-none-eabi/lib/thumb/v7e-m+fp/hard\libc_nano.a(libc_a-lock.o)
 .ARM.attributes
                0x000008cb       0x34 C:/ST/STM32CubeIDE_1.17.0/STM32CubeIDE/plugins/com.st.stm32cube.ide.mcu.externaltools.gnu-tools-for-stm32.12.3.rel1.win32_1.1.0.202410251130/tools/bin/../lib/gcc/arm-none-eabi/12.3.1/../../../../arm-none-eabi/lib/thumb/v7e-m+fp/hard\libc_nano.a(libc_a-freer.o)
 .ARM.attributes
                0x000008ff       0x34 C:/ST/STM32CubeIDE_1.17.0/STM32CubeIDE/plugins/com.st.stm32cube.ide.mcu.externaltools.gnu-tools-for-stm32.12.3.rel1.win32_1.1.0.202410251130/tools/bin/../lib/gcc/arm-none-eabi/12.3.1/../../../../arm-none-eabi/lib/thumb/v7e-m+fp/hard\libc_nano.a(libc_a-mallocr.o)
 .ARM.attributes
                0x00000933       0x34 C:/ST/STM32CubeIDE_1.17.0/STM32CubeIDE/plugins/com.st.stm32cube.ide.mcu.externaltools.gnu-tools-for-stm32.12.3.rel1.win32_1.1.0.202410251130/tools/bin/../lib/gcc/arm-none-eabi/12.3.1/../../../../arm-none-eabi/lib/thumb/v7e-m+fp/hard\libc_nano.a(libc_a-mlock.o)
 .ARM.attributes
                0x00000967       0x22 C:/ST/STM32CubeIDE_1.17.0/STM32CubeIDE/plugins/com.st.stm32cube.ide.mcu.externaltools.gnu-tools-for-stm32.12.3.rel1.win32_1.1.0.202410251130/tools/bin/../lib/gcc/arm-none-eabi/12.3.1/thumb/v7e-m+fp/hard\libgcc.a(_aeabi_uldivmod.o)
 .ARM.attributes
                0x00000989       0x34 C:/ST/STM32CubeIDE_1.17.0/STM32CubeIDE/plugins/com.st.stm32cube.ide.mcu.externaltools.gnu-tools-for-stm32.12.3.rel1.win32_1.1.0.202410251130/tools/bin/../lib/gcc/arm-none-eabi/12.3.1/thumb/v7e-m+fp/hard\libgcc.a(_udivmoddi4.o)
 .ARM.attributes
                0x000009bd       0x22 C:/ST/STM32CubeIDE_1.17.0/STM32CubeIDE/plugins/com.st.stm32cube.ide.mcu.externaltools.gnu-tools-for-stm32.12.3.rel1.win32_1.1.0.202410251130/tools/bin/../lib/gcc/arm-none-eabi/12.3.1/thumb/v7e-m+fp/hard\libgcc.a(_dvmd_tls.o)
 .ARM.attributes
                0x000009df       0x22 C:/ST/STM32CubeIDE_1.17.0/STM32CubeIDE/plugins/com.st.stm32cube.ide.mcu.externaltools.gnu-tools-for-stm32.12.3.rel1.win32_1.1.0.202410251130/tools/bin/../lib/gcc/arm-none-eabi/12.3.1/thumb/v7e-m+fp/hard/crtn.o
OUTPUT(my_project1.elf elf32-littlearm)
LOAD linker stubs
LOAD C:/ST/STM32CubeIDE_1.17.0/STM32CubeIDE/plugins/com.st.stm32cube.ide.mcu.externaltools.gnu-tools-for-stm32.12.3.rel1.win32_1.1.0.202410251130/tools/bin/../lib/gcc/arm-none-eabi/12.3.1/../../../../arm-none-eabi/lib/thumb/v7e-m+fp/hard\libc.a
LOAD C:/ST/STM32CubeIDE_1.17.0/STM32CubeIDE/plugins/com.st.stm32cube.ide.mcu.externaltools.gnu-tools-for-stm32.12.3.rel1.win32_1.1.0.202410251130/tools/bin/../lib/gcc/arm-none-eabi/12.3.1/../../../../arm-none-eabi/lib/thumb/v7e-m+fp/hard\libm.a
LOAD C:/ST/STM32CubeIDE_1.17.0/STM32CubeIDE/plugins/com.st.stm32cube.ide.mcu.externaltools.gnu-tools-for-stm32.12.3.rel1.win32_1.1.0.202410251130/tools/bin/../lib/gcc/arm-none-eabi/12.3.1/thumb/v7e-m+fp/hard\libgcc.a

.debug_info     0x00000000    0x23b47
 .debug_info    0x00000000      0xe5a ./Application/User/Core/adc.o
 .debug_info    0x00000e5a      0xdda ./Application/User/Core/can.o
 .debug_info    0x00001c34      0x4d3 ./Application/User/Core/dma.o
 .debug_info    0x00002107     0x1bae ./Application/User/Core/freertos.o
 .debug_info    0x00003cb5      0x47f ./Application/User/Core/gpio.o
 .debug_info    0x00004134      0xc34 ./Application/User/Core/i2c.o
 .debug_info    0x00004d68      0xffe ./Application/User/Core/main.o
 .debug_info    0x00005d66      0x991 ./Application/User/Core/spi.o
 .debug_info    0x000066f7      0x4dd ./Application/User/Core/stm32l4xx_hal_msp.o
 .debug_info    0x00006bd4      0xc45 ./Application/User/Core/stm32l4xx_hal_timebase_tim.o
 .debug_info    0x00007819      0xef7 ./Application/User/Core/stm32l4xx_it.o
 .debug_info    0x00008710      0xc15 ./Application/User/Core/tim.o
 .debug_info    0x00009325      0xf22 ./Application/User/Core/usart.o
 .debug_info    0x0000a247       0x30 ./Application/User/Startup/startup_stm32l452retx.o
 .debug_info    0x0000a277      0x5cd ./Drivers/CMSIS/system_stm32l4xx.o
 .debug_info    0x0000a844      0xabf ./Drivers/STM32L4xx_HAL_Driver/stm32l4xx_hal.o
 .debug_info    0x0000b303     0x1d07 ./Drivers/STM32L4xx_HAL_Driver/stm32l4xx_hal_adc.o
 .debug_info    0x0000d00a      0xf43 ./Drivers/STM32L4xx_HAL_Driver/stm32l4xx_hal_can.o
 .debug_info    0x0000df4d      0xd39 ./Drivers/STM32L4xx_HAL_Driver/stm32l4xx_hal_cortex.o
 .debug_info    0x0000ec86      0x6f4 ./Drivers/STM32L4xx_HAL_Driver/stm32l4xx_hal_dma.o
 .debug_info    0x0000f37a      0x763 ./Drivers/STM32L4xx_HAL_Driver/stm32l4xx_hal_gpio.o
 .debug_info    0x0000fadd     0x20d2 ./Drivers/STM32L4xx_HAL_Driver/stm32l4xx_hal_i2c.o
 .debug_info    0x00011baf      0x98d ./Drivers/STM32L4xx_HAL_Driver/stm32l4xx_hal_i2c_ex.o
 .debug_info    0x0001253c      0x920 ./Drivers/STM32L4xx_HAL_Driver/stm32l4xx_hal_pwr_ex.o
 .debug_info    0x00012e5c      0xbd0 ./Drivers/STM32L4xx_HAL_Driver/stm32l4xx_hal_rcc.o
 .debug_info    0x00013a2c      0xf34 ./Drivers/STM32L4xx_HAL_Driver/stm32l4xx_hal_rcc_ex.o
 .debug_info    0x00014960     0x1549 ./Drivers/STM32L4xx_HAL_Driver/stm32l4xx_hal_spi.o
 .debug_info    0x00015ea9     0x2a9a ./Drivers/STM32L4xx_HAL_Driver/stm32l4xx_hal_tim.o
 .debug_info    0x00018943     0x169e ./Drivers/STM32L4xx_HAL_Driver/stm32l4xx_hal_tim_ex.o
 .debug_info    0x00019fe1     0x3b85 ./Drivers/STM32L4xx_HAL_Driver/stm32l4xx_hal_uart.o
 .debug_info    0x0001db66      0xdff ./Drivers/STM32L4xx_HAL_Driver/stm32l4xx_hal_uart_ex.o
 .debug_info    0x0001e965     0x21e2 ./Middlewares/FreeRTOS/cmsis_os.o
 .debug_info    0x00020b47      0x4d5 ./Middlewares/FreeRTOS/heap_4.o
 .debug_info    0x0002101c      0x2af ./Middlewares/FreeRTOS/list.o
 .debug_info    0x000212cb      0x4de ./Middlewares/FreeRTOS/port.o
 .debug_info    0x000217a9     0x239e ./Middlewares/FreeRTOS/tasks.o

.debug_abbrev   0x00000000     0x4e60
 .debug_abbrev  0x00000000      0x206 ./Application/User/Core/adc.o
 .debug_abbrev  0x00000206      0x255 ./Application/User/Core/can.o
 .debug_abbrev  0x0000045b       0xfc ./Application/User/Core/dma.o
 .debug_abbrev  0x00000557      0x2fc ./Application/User/Core/freertos.o
 .debug_abbrev  0x00000853      0x152 ./Application/User/Core/gpio.o
 .debug_abbrev  0x000009a5      0x212 ./Application/User/Core/i2c.o
 .debug_abbrev  0x00000bb7      0x26b ./Application/User/Core/main.o
 .debug_abbrev  0x00000e22      0x1fa ./Application/User/Core/spi.o
 .debug_abbrev  0x0000101c      0x107 ./Application/User/Core/stm32l4xx_hal_msp.o
 .debug_abbrev  0x00001123      0x1f4 ./Application/User/Core/stm32l4xx_hal_timebase_tim.o
 .debug_abbrev  0x00001317      0x1ce ./Application/User/Core/stm32l4xx_it.o
 .debug_abbrev  0x000014e5      0x219 ./Application/User/Core/tim.o
 .debug_abbrev  0x000016fe      0x210 ./Application/User/Core/usart.o
 .debug_abbrev  0x0000190e       0x24 ./Application/User/Startup/startup_stm32l452retx.o
 .debug_abbrev  0x00001932      0x11a ./Drivers/CMSIS/system_stm32l4xx.o
 .debug_abbrev  0x00001a4c      0x242 ./Drivers/STM32L4xx_HAL_Driver/stm32l4xx_hal.o
 .debug_abbrev  0x00001c8e      0x2d7 ./Drivers/STM32L4xx_HAL_Driver/stm32l4xx_hal_adc.o
 .debug_abbrev  0x00001f65      0x25a ./Drivers/STM32L4xx_HAL_Driver/stm32l4xx_hal_can.o
 .debug_abbrev  0x000021bf      0x31c ./Drivers/STM32L4xx_HAL_Driver/stm32l4xx_hal_cortex.o
 .debug_abbrev  0x000024db      0x1e4 ./Drivers/STM32L4xx_HAL_Driver/stm32l4xx_hal_dma.o
 .debug_abbrev  0x000026bf      0x1cb ./Drivers/STM32L4xx_HAL_Driver/stm32l4xx_hal_gpio.o
 .debug_abbrev  0x0000288a      0x261 ./Drivers/STM32L4xx_HAL_Driver/stm32l4xx_hal_i2c.o
 .debug_abbrev  0x00002aeb      0x1c3 ./Drivers/STM32L4xx_HAL_Driver/stm32l4xx_hal_i2c_ex.o
 .debug_abbrev  0x00002cae      0x1f9 ./Drivers/STM32L4xx_HAL_Driver/stm32l4xx_hal_pwr_ex.o
 .debug_abbrev  0x00002ea7      0x2cb ./Drivers/STM32L4xx_HAL_Driver/stm32l4xx_hal_rcc.o
 .debug_abbrev  0x00003172      0x2a1 ./Drivers/STM32L4xx_HAL_Driver/stm32l4xx_hal_rcc_ex.o
 .debug_abbrev  0x00003413      0x260 ./Drivers/STM32L4xx_HAL_Driver/stm32l4xx_hal_spi.o
 .debug_abbrev  0x00003673      0x278 ./Drivers/STM32L4xx_HAL_Driver/stm32l4xx_hal_tim.o
 .debug_abbrev  0x000038eb      0x283 ./Drivers/STM32L4xx_HAL_Driver/stm32l4xx_hal_tim_ex.o
 .debug_abbrev  0x00003b6e      0x2d0 ./Drivers/STM32L4xx_HAL_Driver/stm32l4xx_hal_uart.o
 .debug_abbrev  0x00003e3e      0x2be ./Drivers/STM32L4xx_HAL_Driver/stm32l4xx_hal_uart_ex.o
 .debug_abbrev  0x000040fc      0x426 ./Middlewares/FreeRTOS/cmsis_os.o
 .debug_abbrev  0x00004522      0x21d ./Middlewares/FreeRTOS/heap_4.o
 .debug_abbrev  0x0000473f       0xf5 ./Middlewares/FreeRTOS/list.o
 .debug_abbrev  0x00004834      0x25c ./Middlewares/FreeRTOS/port.o
 .debug_abbrev  0x00004a90      0x3d0 ./Middlewares/FreeRTOS/tasks.o

.debug_aranges  0x00000000     0x1df8
 .debug_aranges
                0x00000000       0x30 ./Application/User/Core/adc.o
 .debug_aranges
                0x00000030       0x48 ./Application/User/Core/can.o
 .debug_aranges
                0x00000078       0x20 ./Application/User/Core/dma.o
 .debug_aranges
                0x00000098       0x70 ./Application/User/Core/freertos.o
 .debug_aranges
                0x00000108       0x20 ./Application/User/Core/gpio.o
 .debug_aranges
                0x00000128       0x30 ./Application/User/Core/i2c.o
 .debug_aranges
                0x00000158       0x58 ./Application/User/Core/main.o
 .debug_aranges
                0x000001b0       0x30 ./Application/User/Core/spi.o
 .debug_aranges
                0x000001e0       0x20 ./Application/User/Core/stm32l4xx_hal_msp.o
 .debug_aranges
                0x00000200       0x30 ./Application/User/Core/stm32l4xx_hal_timebase_tim.o
 .debug_aranges
                0x00000230       0x78 ./Application/User/Core/stm32l4xx_it.o
 .debug_aranges
                0x000002a8       0x38 ./Application/User/Core/tim.o
 .debug_aranges
                0x000002e0       0x30 ./Application/User/Core/usart.o
 .debug_aranges
                0x00000310       0x28 ./Application/User/Startup/startup_stm32l452retx.o
 .debug_aranges
                0x00000338       0x28 ./Drivers/CMSIS/system_stm32l4xx.o
 .debug_aranges
                0x00000360      0x130 ./Drivers/STM32L4xx_HAL_Driver/stm32l4xx_hal.o
 .debug_aranges
                0x00000490      0x218 ./Drivers/STM32L4xx_HAL_Driver/stm32l4xx_hal_adc.o
 .debug_aranges
                0x000006a8      0x138 ./Drivers/STM32L4xx_HAL_Driver/stm32l4xx_hal_can.o
 .debug_aranges
                0x000007e0      0x128 ./Drivers/STM32L4xx_HAL_Driver/stm32l4xx_hal_cortex.o
 .debug_aranges
                0x00000908       0x80 ./Drivers/STM32L4xx_HAL_Driver/stm32l4xx_hal_dma.o
 .debug_aranges
                0x00000988       0x58 ./Drivers/STM32L4xx_HAL_Driver/stm32l4xx_hal_gpio.o
 .debug_aranges
                0x000009e0      0x2a0 ./Drivers/STM32L4xx_HAL_Driver/stm32l4xx_hal_i2c.o
 .debug_aranges
                0x00000c80       0x48 ./Drivers/STM32L4xx_HAL_Driver/stm32l4xx_hal_i2c_ex.o
 .debug_aranges
                0x00000cc8      0x128 ./Drivers/STM32L4xx_HAL_Driver/stm32l4xx_hal_pwr_ex.o
 .debug_aranges
                0x00000df0       0x90 ./Drivers/STM32L4xx_HAL_Driver/stm32l4xx_hal_rcc.o
 .debug_aranges
                0x00000e80       0xf0 ./Drivers/STM32L4xx_HAL_Driver/stm32l4xx_hal_rcc_ex.o
 .debug_aranges
                0x00000f70      0x1d8 ./Drivers/STM32L4xx_HAL_Driver/stm32l4xx_hal_spi.o
 .debug_aranges
                0x00001148      0x3e0 ./Drivers/STM32L4xx_HAL_Driver/stm32l4xx_hal_tim.o
 .debug_aranges
                0x00001528      0x180 ./Drivers/STM32L4xx_HAL_Driver/stm32l4xx_hal_tim_ex.o
 .debug_aranges
                0x000016a8      0x228 ./Drivers/STM32L4xx_HAL_Driver/stm32l4xx_hal_uart.o
 .debug_aranges
                0x000018d0       0x80 ./Drivers/STM32L4xx_HAL_Driver/stm32l4xx_hal_uart_ex.o
 .debug_aranges
                0x00001950      0x1d8 ./Middlewares/FreeRTOS/cmsis_os.o
 .debug_aranges
                0x00001b28       0x58 ./Middlewares/FreeRTOS/heap_4.o
 .debug_aranges
                0x00001b80       0x40 ./Middlewares/FreeRTOS/list.o
 .debug_aranges
                0x00001bc0       0x80 ./Middlewares/FreeRTOS/port.o
 .debug_aranges
                0x00001c40      0x1b8 ./Middlewares/FreeRTOS/tasks.o

.debug_rnglists
                0x00000000     0x173f
 .debug_rnglists
                0x00000000       0x21 ./Application/User/Core/adc.o
 .debug_rnglists
                0x00000021       0x33 ./Application/User/Core/can.o
 .debug_rnglists
                0x00000054       0x13 ./Application/User/Core/dma.o
 .debug_rnglists
                0x00000067       0x54 ./Application/User/Core/freertos.o
 .debug_rnglists
                0x000000bb       0x14 ./Application/User/Core/gpio.o
 .debug_rnglists
                0x000000cf       0x21 ./Application/User/Core/i2c.o
 .debug_rnglists
                0x000000f0       0x3e ./Application/User/Core/main.o
 .debug_rnglists
                0x0000012e       0x20 ./Application/User/Core/spi.o
 .debug_rnglists
                0x0000014e       0x13 ./Application/User/Core/stm32l4xx_hal_msp.o
 .debug_rnglists
                0x00000161       0x20 ./Application/User/Core/stm32l4xx_hal_timebase_tim.o
 .debug_rnglists
                0x00000181       0x55 ./Application/User/Core/stm32l4xx_it.o
 .debug_rnglists
                0x000001d6       0x26 ./Application/User/Core/tim.o
 .debug_rnglists
                0x000001fc       0x20 ./Application/User/Core/usart.o
 .debug_rnglists
                0x0000021c       0x19 ./Application/User/Startup/startup_stm32l452retx.o
 .debug_rnglists
                0x00000235       0x1a ./Drivers/CMSIS/system_stm32l4xx.o
 .debug_rnglists
                0x0000024f       0xdf ./Drivers/STM32L4xx_HAL_Driver/stm32l4xx_hal.o
 .debug_rnglists
                0x0000032e      0x19c ./Drivers/STM32L4xx_HAL_Driver/stm32l4xx_hal_adc.o
 .debug_rnglists
                0x000004ca       0xee ./Drivers/STM32L4xx_HAL_Driver/stm32l4xx_hal_can.o
 .debug_rnglists
                0x000005b8       0xda ./Drivers/STM32L4xx_HAL_Driver/stm32l4xx_hal_cortex.o
 .debug_rnglists
                0x00000692       0x64 ./Drivers/STM32L4xx_HAL_Driver/stm32l4xx_hal_dma.o
 .debug_rnglists
                0x000006f6       0x3f ./Drivers/STM32L4xx_HAL_Driver/stm32l4xx_hal_gpio.o
 .debug_rnglists
                0x00000735      0x228 ./Drivers/STM32L4xx_HAL_Driver/stm32l4xx_hal_i2c.o
 .debug_rnglists
                0x0000095d       0x35 ./Drivers/STM32L4xx_HAL_Driver/stm32l4xx_hal_i2c_ex.o
 .debug_rnglists
                0x00000992       0xdf ./Drivers/STM32L4xx_HAL_Driver/stm32l4xx_hal_pwr_ex.o
 .debug_rnglists
                0x00000a71       0x6d ./Drivers/STM32L4xx_HAL_Driver/stm32l4xx_hal_rcc.o
 .debug_rnglists
                0x00000ade       0xba ./Drivers/STM32L4xx_HAL_Driver/stm32l4xx_hal_rcc_ex.o
 .debug_rnglists
                0x00000b98      0x178 ./Drivers/STM32L4xx_HAL_Driver/stm32l4xx_hal_spi.o
 .debug_rnglists
                0x00000d10      0x328 ./Drivers/STM32L4xx_HAL_Driver/stm32l4xx_hal_tim.o
 .debug_rnglists
                0x00001038      0x139 ./Drivers/STM32L4xx_HAL_Driver/stm32l4xx_hal_tim_ex.o
 .debug_rnglists
                0x00001171      0x1db ./Drivers/STM32L4xx_HAL_Driver/stm32l4xx_hal_uart.o
 .debug_rnglists
                0x0000134c       0x60 ./Drivers/STM32L4xx_HAL_Driver/stm32l4xx_hal_uart_ex.o
 .debug_rnglists
                0x000013ac      0x16a ./Middlewares/FreeRTOS/cmsis_os.o
 .debug_rnglists
                0x00001516       0x42 ./Middlewares/FreeRTOS/heap_4.o
 .debug_rnglists
                0x00001558       0x2b ./Middlewares/FreeRTOS/list.o
 .debug_rnglists
                0x00001583       0x5d ./Middlewares/FreeRTOS/port.o
 .debug_rnglists
                0x000015e0      0x15f ./Middlewares/FreeRTOS/tasks.o

.debug_macro    0x00000000    0x28870
 .debug_macro   0x00000000      0x234 ./Application/User/Core/adc.o
 .debug_macro   0x00000234      0xab4 ./Application/User/Core/adc.o
 .debug_macro   0x00000ce8      0x1bf ./Application/User/Core/adc.o
 .debug_macro   0x00000ea7       0x2e ./Application/User/Core/adc.o
 .debug_macro   0x00000ed5       0x28 ./Application/User/Core/adc.o
 .debug_macro   0x00000efd       0x22 ./Application/User/Core/adc.o
 .debug_macro   0x00000f1f       0x8e ./Application/User/Core/adc.o
 .debug_macro   0x00000fad       0x51 ./Application/User/Core/adc.o
 .debug_macro   0x00000ffe      0x103 ./Application/User/Core/adc.o
 .debug_macro   0x00001101       0x6a ./Application/User/Core/adc.o
 .debug_macro   0x0000116b      0x1df ./Application/User/Core/adc.o
 .debug_macro   0x0000134a       0x1c ./Application/User/Core/adc.o
 .debug_macro   0x00001366       0x22 ./Application/User/Core/adc.o
 .debug_macro   0x00001388       0xfb ./Application/User/Core/adc.o
 .debug_macro   0x00001483     0x1011 ./Application/User/Core/adc.o
 .debug_macro   0x00002494      0x11f ./Application/User/Core/adc.o
 .debug_macro   0x000025b3    0x16336 ./Application/User/Core/adc.o
 .debug_macro   0x000188e9       0x6d ./Application/User/Core/adc.o
 .debug_macro   0x00018956     0x38fb ./Application/User/Core/adc.o
 .debug_macro   0x0001c251      0x189 ./Application/User/Core/adc.o
 .debug_macro   0x0001c3da       0x5c ./Application/User/Core/adc.o
 .debug_macro   0x0001c436     0x13fa ./Application/User/Core/adc.o
 .debug_macro   0x0001d830      0x646 ./Application/User/Core/adc.o
 .debug_macro   0x0001de76      0x1b9 ./Application/User/Core/adc.o
 .debug_macro   0x0001e02f      0x168 ./Application/User/Core/adc.o
 .debug_macro   0x0001e197      0x26b ./Application/User/Core/adc.o
 .debug_macro   0x0001e402      0x23d ./Application/User/Core/adc.o
 .debug_macro   0x0001e63f      0xe02 ./Application/User/Core/adc.o
 .debug_macro   0x0001f441      0x624 ./Application/User/Core/adc.o
 .debug_macro   0x0001fa65      0x24f ./Application/User/Core/adc.o
 .debug_macro   0x0001fcb4      0x408 ./Application/User/Core/adc.o
 .debug_macro   0x000200bc      0x241 ./Application/User/Core/adc.o
 .debug_macro   0x000202fd      0x375 ./Application/User/Core/adc.o
 .debug_macro   0x00020672       0xd6 ./Application/User/Core/adc.o
 .debug_macro   0x00020748      0x22c ./Application/User/Core/adc.o
 .debug_macro   0x00020974       0x61 ./Application/User/Core/adc.o
 .debug_macro   0x000209d5       0xa5 ./Application/User/Core/adc.o
 .debug_macro   0x00020a7a      0x122 ./Application/User/Core/adc.o
 .debug_macro   0x00020b9c      0x364 ./Application/User/Core/adc.o
 .debug_macro   0x00020f00      0x2fe ./Application/User/Core/adc.o
 .debug_macro   0x000211fe      0xa98 ./Application/User/Core/adc.o
 .debug_macro   0x00021c96      0x150 ./Application/User/Core/adc.o
 .debug_macro   0x00021de6      0x5cf ./Application/User/Core/adc.o
 .debug_macro   0x000223b5       0x44 ./Application/User/Core/adc.o
 .debug_macro   0x000223f9      0x2eb ./Application/User/Core/adc.o
 .debug_macro   0x000226e4      0x130 ./Application/User/Core/adc.o
 .debug_macro   0x00022814      0x234 ./Application/User/Core/can.o
 .debug_macro   0x00022a48      0x234 ./Application/User/Core/dma.o
 .debug_macro   0x00022c7c      0x39e ./Application/User/Core/freertos.o
 .debug_macro   0x0002301a       0xf1 ./Application/User/Core/freertos.o
 .debug_macro   0x0002310b      0x15a ./Application/User/Core/freertos.o
 .debug_macro   0x00023265       0xde ./Application/User/Core/freertos.o
 .debug_macro   0x00023343       0x1c ./Application/User/Core/freertos.o
 .debug_macro   0x0002335f       0x26 ./Application/User/Core/freertos.o
 .debug_macro   0x00023385       0x61 ./Application/User/Core/freertos.o