C:/Users/Yash/OneDrive/Documents/STM32/my_project1/Core/Src/can.c:39:6:MX_CAN1_Init	48	static
C:/Users/Yash/OneDrive/Documents/STM32/my_project1/Core/Src/can.c:85:6:HAL_CAN_MspInit	48	static
C:/Users/Yash/OneDrive/Documents/STM32/my_project1/Core/Src/can.c:118:6:HAL_CAN_MspDeInit	16	static
C:/Users/Yash/OneDrive/Documents/STM32/my_project1/Core/Src/can.c:144:6:HAL_CAN_RxFifo0MsgPendingCallback	16	static
C:/Users/Yash/OneDrive/Documents/STM32/my_project1/Core/Src/can.c:153:6:updateTxHeader	16	static
C:/Users/Yash/OneDrive/Documents/STM32/my_project1/Core/Src/can.c:160:6:sendCanMessage	8	static
